Archive member included because of file (symbol)

c:/program files (x86)/atmel/studio/7.0/toolchain/arm/arm-gnu-toolchain/bin/../lib/gcc/arm-none-eabi/4.9.3/armv6-m\libgcc.a(_udivsi3.o)
                              src/ASF/sam0/drivers/system/clock/clock_samc20_c21/clock.o (__aeabi_uidiv)
c:/program files (x86)/atmel/studio/7.0/toolchain/arm/arm-gnu-toolchain/bin/../lib/gcc/arm-none-eabi/4.9.3/armv6-m\libgcc.a(_dvmd_tls.o)
                              c:/program files (x86)/atmel/studio/7.0/toolchain/arm/arm-gnu-toolchain/bin/../lib/gcc/arm-none-eabi/4.9.3/armv6-m\libgcc.a(_udivsi3.o) (__aeabi_idiv0)
c:/program files (x86)/atmel/studio/7.0/toolchain/arm/arm-gnu-toolchain/bin/../lib/gcc/arm-none-eabi/4.9.3/armv6-m\libgcc.a(_muldi3.o)
                              src/ASF/sam0/drivers/sercom/sercom.o (__aeabi_lmul)
c:/program files (x86)/atmel/studio/7.0/toolchain/arm/arm-gnu-toolchain/bin/../lib/gcc/arm-none-eabi/4.9.3/../../../../arm-none-eabi/lib/armv6-m\libc_nano.a(lib_a-exit.o)
                              c:/program files (x86)/atmel/studio/7.0/toolchain/arm/arm-gnu-toolchain/bin/../lib/gcc/arm-none-eabi/4.9.3/../../../../arm-none-eabi/lib/armv6-m/crt0.o (exit)
c:/program files (x86)/atmel/studio/7.0/toolchain/arm/arm-gnu-toolchain/bin/../lib/gcc/arm-none-eabi/4.9.3/../../../../arm-none-eabi/lib/armv6-m\libc_nano.a(lib_a-impure.o)
                              c:/program files (x86)/atmel/studio/7.0/toolchain/arm/arm-gnu-toolchain/bin/../lib/gcc/arm-none-eabi/4.9.3/../../../../arm-none-eabi/lib/armv6-m\libc_nano.a(lib_a-exit.o) (_global_impure_ptr)
c:/program files (x86)/atmel/studio/7.0/toolchain/arm/arm-gnu-toolchain/bin/../lib/gcc/arm-none-eabi/4.9.3/../../../../arm-none-eabi/lib/armv6-m\libc_nano.a(lib_a-init.o)
                              c:/program files (x86)/atmel/studio/7.0/toolchain/arm/arm-gnu-toolchain/bin/../lib/gcc/arm-none-eabi/4.9.3/../../../../arm-none-eabi/lib/armv6-m/crt0.o (__libc_init_array)
c:/program files (x86)/atmel/studio/7.0/toolchain/arm/arm-gnu-toolchain/bin/../lib/gcc/arm-none-eabi/4.9.3/../../../../arm-none-eabi/lib/armv6-m\libc_nano.a(lib_a-memcpy.o)
                              src/ASF/sam0/drivers/sercom/sercom_interrupt.o (memcpy)
c:/program files (x86)/atmel/studio/7.0/toolchain/arm/arm-gnu-toolchain/bin/../lib/gcc/arm-none-eabi/4.9.3/../../../../arm-none-eabi/lib/armv6-m\libc_nano.a(lib_a-memset.o)
                              c:/program files (x86)/atmel/studio/7.0/toolchain/arm/arm-gnu-toolchain/bin/../lib/gcc/arm-none-eabi/4.9.3/../../../../arm-none-eabi/lib/armv6-m/crt0.o (memset)
c:/program files (x86)/atmel/studio/7.0/toolchain/arm/arm-gnu-toolchain/bin/../lib/gcc/arm-none-eabi/4.9.3/../../../../arm-none-eabi/lib/armv6-m\libc_nano.a(lib_a-printf.o)
                              src/ASF/sam0/utils/syscalls/gcc/syscalls.o (printf)
c:/program files (x86)/atmel/studio/7.0/toolchain/arm/arm-gnu-toolchain/bin/../lib/gcc/arm-none-eabi/4.9.3/../../../../arm-none-eabi/lib/armv6-m\libc_nano.a(lib_a-puts.o)
                              src/TimerTick.o (puts)
c:/program files (x86)/atmel/studio/7.0/toolchain/arm/arm-gnu-toolchain/bin/../lib/gcc/arm-none-eabi/4.9.3/../../../../arm-none-eabi/lib/armv6-m\libc_nano.a(lib_a-setbuf.o)
                              src/DebugConsole.o (setbuf)
c:/program files (x86)/atmel/studio/7.0/toolchain/arm/arm-gnu-toolchain/bin/../lib/gcc/arm-none-eabi/4.9.3/../../../../arm-none-eabi/lib/armv6-m\libc_nano.a(lib_a-setvbuf.o)
                              c:/program files (x86)/atmel/studio/7.0/toolchain/arm/arm-gnu-toolchain/bin/../lib/gcc/arm-none-eabi/4.9.3/../../../../arm-none-eabi/lib/armv6-m\libc_nano.a(lib_a-setbuf.o) (setvbuf)
c:/program files (x86)/atmel/studio/7.0/toolchain/arm/arm-gnu-toolchain/bin/../lib/gcc/arm-none-eabi/4.9.3/../../../../arm-none-eabi/lib/armv6-m\libc_nano.a(lib_a-wbuf.o)
                              c:/program files (x86)/atmel/studio/7.0/toolchain/arm/arm-gnu-toolchain/bin/../lib/gcc/arm-none-eabi/4.9.3/../../../../arm-none-eabi/lib/armv6-m\libc_nano.a(lib_a-puts.o) (__swbuf_r)
c:/program files (x86)/atmel/studio/7.0/toolchain/arm/arm-gnu-toolchain/bin/../lib/gcc/arm-none-eabi/4.9.3/../../../../arm-none-eabi/lib/armv6-m\libc_nano.a(lib_a-wsetup.o)
                              c:/program files (x86)/atmel/studio/7.0/toolchain/arm/arm-gnu-toolchain/bin/../lib/gcc/arm-none-eabi/4.9.3/../../../../arm-none-eabi/lib/armv6-m\libc_nano.a(lib_a-puts.o) (__swsetup_r)
c:/program files (x86)/atmel/studio/7.0/toolchain/arm/arm-gnu-toolchain/bin/../lib/gcc/arm-none-eabi/4.9.3/../../../../arm-none-eabi/lib/armv6-m\libc_nano.a(lib_a-fflush.o)
                              c:/program files (x86)/atmel/studio/7.0/toolchain/arm/arm-gnu-toolchain/bin/../lib/gcc/arm-none-eabi/4.9.3/../../../../arm-none-eabi/lib/armv6-m\libc_nano.a(lib_a-setvbuf.o) (_fflush_r)
[...]
Memory Configuration

Name             Origin             Length             Attributes
rom              0x00000000         0x00040000         xr
ram              0x20000000         0x00008000         xrw
*default*        0x00000000         0xffffffff

Linker script and memory map

LOAD c:/program files (x86)/atmel/studio/7.0/toolchain/arm/arm-gnu-toolchain/bin/../lib/gcc/arm-none-eabi/4.9.3/armv6-m/crti.o
LOAD c:/program files (x86)/atmel/studio/7.0/toolchain/arm/arm-gnu-toolchain/bin/../lib/gcc/arm-none-eabi/4.9.3/armv6-m/crtbegin.o
LOAD c:/program files (x86)/atmel/studio/7.0/toolchain/arm/arm-gnu-toolchain/bin/../lib/gcc/arm-none-eabi/4.9.3/../../../../arm-none-eabi/lib/armv6-m/crt0.o
LOAD src/DebugConsole.o
LOAD src/TimerTick.o
LOAD src/UserIO.o
LOAD src/ASF/common2/boards/user_board/init.o
LOAD src/ASF/common/utils/interrupt/interrupt_sam_nvic.o
LOAD src/ASF/sam0/drivers/extint/extint_callback.o
LOAD src/ASF/sam0/drivers/extint/extint_sam_l_c/extint.o
LOAD src/ASF/sam0/drivers/port/port.o
LOAD src/ASF/sam0/drivers/sercom/sercom.o
LOAD src/ASF/sam0/drivers/sercom/sercom_interrupt.o
LOAD src/ASF/sam0/drivers/sercom/usart/usart.o
LOAD src/ASF/sam0/drivers/sercom/usart/usart_interrupt.o
LOAD src/ASF/sam0/drivers/system/clock/clock_samc20_c21/clock.o
LOAD src/ASF/sam0/drivers/system/clock/clock_samc20_c21/gclk.o
LOAD src/ASF/sam0/drivers/system/interrupt/system_interrupt.o
LOAD src/ASF/sam0/drivers/system/pinmux/pinmux.o
LOAD src/ASF/sam0/drivers/system/system.o
LOAD src/ASF/sam0/drivers/tc/tc_interrupt.o
LOAD src/ASF/sam0/drivers/tc/tc_sam_l_c/tc.o
LOAD src/ASF/sam0/utils/cmsis/samc21/source/gcc/startup_samc21.o
LOAD src/ASF/sam0/utils/cmsis/samc21/source/system_samc21.o
LOAD src/ASF/sam0/utils/stdio/read.o
LOAD src/ASF/sam0/utils/stdio/write.o
LOAD src/ASF/sam0/utils/syscalls/gcc/syscalls.o
LOAD src/main.o
START GROUP
LOAD ../src/ASF/thirdparty/CMSIS/Lib/GCC\libarm_cortexM0l_math.a
LOAD c:/program files (x86)/atmel/studio/7.0/toolchain/arm/arm-gnu-toolchain/bin/../lib/gcc/arm-none-eabi/4.9.3/../../../../arm-none-eabi/lib/armv6-m\libm.a
END GROUP
START GROUP
LOAD c:/program files (x86)/atmel/studio/7.0/toolchain/arm/arm-gnu-toolchain/bin/../lib/gcc/arm-none-eabi/4.9.3/armv6-m\libgcc.a
LOAD c:/program files (x86)/atmel/studio/7.0/toolchain/arm/arm-gnu-toolchain/bin/../lib/gcc/arm-none-eabi/4.9.3/../../../../arm-none-eabi/lib/armv6-m\libc_nano.a
END GROUP
START GROUP
LOAD c:/program files (x86)/atmel/studio/7.0/toolchain/arm/arm-gnu-toolchain/bin/../lib/gcc/arm-none-eabi/4.9.3/armv6-m\libgcc.a
LOAD c:/program files (x86)/atmel/studio/7.0/toolchain/arm/arm-gnu-toolchain/bin/../lib/gcc/arm-none-eabi/4.9.3/../../../../arm-none-eabi/lib/armv6-m\libc_nano.a
END GROUP
LOAD c:/program files (x86)/atmel/studio/7.0/toolchain/arm/arm-gnu-toolchain/bin/../lib/gcc/arm-none-eabi/4.9.3/armv6-m/crtend.o
LOAD c:/program files (x86)/atmel/studio/7.0/toolchain/arm/arm-gnu-toolchain/bin/../lib/gcc/arm-none-eabi/4.9.3/armv6-m/crtn.o
                0x00002000                STACK_SIZE = DEFINED (STACK_SIZE)?STACK_SIZE:DEFINED (__stack_size__)?__stack_size__:0x2000

.text           0x00000000     0x28b8
                0x00000000                . = ALIGN (0x4)
                0x00000000                _sfixed = .
 *(.vectors .vectors.*)
 .vectors       0x00000000       0xbc src/ASF/sam0/utils/cmsis/samc21/source/gcc/startup_samc21.o
                0x00000000                exception_table
 *(.text .text.* .gnu.linkonce.t.*)
 .text          0x000000bc       0x60 c:/program files (x86)/atmel/studio/7.0/toolchain/arm/arm-gnu-toolchain/bin/../lib/gcc/arm-none-eabi/4.9.3/armv6-m/crtbegin.o
 .text.usart_serial_getchar
                0x0000011c       0x2c src/DebugConsole.o
 .text.usart_serial_putchar
                0x00000148       0x18 src/DebugConsole.o
 .text.configure_console
                0x00000160      0x100 src/DebugConsole.o
                0x00000160                configure_console
 .text.tc_callback_to_counter
                0x00000260       0x40 src/TimerTick.o
                0x00000260                tc_callback_to_counter
 .text.configure_tc
                0x000002a0       0x74 src/TimerTick.o
                0x000002a0                configure_tc
 .text.configure_tc_callbacks
                0x00000314       0x50 src/TimerTick.o
                0x00000314                configure_tc_callbacks
 .text.extint_callback
                0x00000364       0x24 src/UserIO.o
 .text.configure_pins
                0x00000388       0x28 src/UserIO.o
                0x00000388                configure_pins
 .text.configure_eic_callback
                0x000003b0       0x24 src/UserIO.o
                0x000003b0                configure_eic_callback
 .text.configure_extint
                0x000003d4       0x30 src/UserIO.o
                0x000003d4                configure_extint
 .text.system_board_init
                0x00000404        0x4 src/ASF/common2/boards/user_board/init.o
                0x00000404                board_init
                0x00000404                system_board_init
 .text.cpu_irq_enter_critical
                0x00000408       0x40 src/ASF/common/utils/interrupt/interrupt_sam_nvic.o
                0x00000408                cpu_irq_enter_critical
 .text.cpu_irq_leave_critical
                0x00000448       0x30 src/ASF/common/utils/interrupt/interrupt_sam_nvic.o
                0x00000448                cpu_irq_leave_critical
 .text.extint_register_callback
                0x00000478       0x2c src/ASF/sam0/drivers/extint/extint_callback.o
                0x00000478                extint_register_callback
 .text.extint_chan_enable_callback
                0x000004a4       0x20 src/ASF/sam0/drivers/extint/extint_callback.o
                0x000004a4                extint_chan_enable_callback
 .text.EIC_Handler
                0x000004c4       0x68 src/ASF/sam0/drivers/extint/extint_callback.o
                0x000004c4                EIC_Handler
 .text._extint_enable
                0x0000052c       0x20 src/ASF/sam0/drivers/extint/extint_sam_l_c/extint.o
 .text._extint_disable
                0x0000054c       0x20 src/ASF/sam0/drivers/extint/extint_sam_l_c/extint.o
 .text._system_extint_init
                0x0000056c       0x84 src/ASF/sam0/drivers/extint/extint_sam_l_c/extint.o
                0x0000056c                _system_extint_init
 .text.extint_chan_get_config_defaults
                0x000005f0       0x14 src/ASF/sam0/drivers/extint/extint_sam_l_c/extint.o
                0x000005f0                extint_chan_get_config_defaults
 .text.extint_chan_set_config
                0x00000604       0x8c src/ASF/sam0/drivers/extint/extint_sam_l_c/extint.o
                0x00000604                extint_chan_set_config
 .text.port_pin_set_config
                0x00000690       0x24 src/ASF/sam0/drivers/port/port.o
                0x00000690                port_pin_set_config
 .text._sercom_get_sync_baud_val
                0x000006b4       0x28 src/ASF/sam0/drivers/sercom/sercom.o
                0x000006b4                _sercom_get_sync_baud_val
 .text._sercom_get_async_baud_val
                0x000006dc      0x1c8 src/ASF/sam0/drivers/sercom/sercom.o
                0x000006dc                _sercom_get_async_baud_val
 .text.sercom_set_gclk_generator
                0x000008a4       0x4c src/ASF/sam0/drivers/sercom/sercom.o
                0x000008a4                sercom_set_gclk_generator
 .text._sercom_get_default_pad
                0x000008f0      0x18c src/ASF/sam0/drivers/sercom/sercom.o
                0x000008f0                _sercom_get_default_pad
 .text._sercom_get_sercom_inst_index
                0x00000a7c       0x3c src/ASF/sam0/drivers/sercom/sercom.o
                0x00000a7c                _sercom_get_sercom_inst_index
 .text._sercom_default_handler
                0x00000ab8        0x4 src/ASF/sam0/drivers/sercom/sercom_interrupt.o
 .text._sercom_set_handler
                0x00000abc       0x3c src/ASF/sam0/drivers/sercom/sercom_interrupt.o
                0x00000abc                _sercom_set_handler
 .text._sercom_get_interrupt_vector
                0x00000af8       0x2c src/ASF/sam0/drivers/sercom/sercom_interrupt.o
                0x00000af8                _sercom_get_interrupt_vector
 .text.SERCOM0_Handler
                0x00000b24       0x10 src/ASF/sam0/drivers/sercom/sercom_interrupt.o
                0x00000b24                SERCOM0_Handler
 .text.SERCOM1_Handler
                0x00000b34       0x10 src/ASF/sam0/drivers/sercom/sercom_interrupt.o
                0x00000b34                SERCOM1_Handler
 .text.SERCOM2_Handler
                0x00000b44       0x10 src/ASF/sam0/drivers/sercom/sercom_interrupt.o
                0x00000b44                SERCOM2_Handler
 .text.SERCOM3_Handler
                0x00000b54       0x10 src/ASF/sam0/drivers/sercom/sercom_interrupt.o
                0x00000b54                SERCOM3_Handler
 .text.SERCOM4_Handler
                0x00000b64       0x10 src/ASF/sam0/drivers/sercom/sercom_interrupt.o
                0x00000b64                SERCOM4_Handler
 .text.SERCOM5_Handler
                0x00000b74       0x10 src/ASF/sam0/drivers/sercom/sercom_interrupt.o
                0x00000b74                SERCOM5_Handler
 .text.usart_init
                0x00000b84      0x390 src/ASF/sam0/drivers/sercom/usart/usart.o
                0x00000b84                usart_init
 .text.usart_write_wait
                0x00000f14       0x2c src/ASF/sam0/drivers/sercom/usart/usart.o
                0x00000f14                usart_write_wait
 .text.usart_read_wait
                0x00000f40       0x78 src/ASF/sam0/drivers/sercom/usart/usart.o
                0x00000f40                usart_read_wait
 .text._usart_interrupt_handler
                0x00000fb8      0x1a4 src/ASF/sam0/drivers/sercom/usart/usart_interrupt.o
                0x00000fb8                _usart_interrupt_handler
 .text.system_clock_source_get_hz
                0x0000115c       0x5c src/ASF/sam0/drivers/system/clock/clock_samc20_c21/clock.o
                0x0000115c                system_clock_source_get_hz
 .text.system_clock_init
                0x000011b8       0x70 src/ASF/sam0/drivers/system/clock/clock_samc20_c21/clock.o
                0x000011b8                system_clock_init
 .text.system_gclk_init
                0x00001228       0x24 src/ASF/sam0/drivers/system/clock/clock_samc20_c21/gclk.o
                0x00001228                system_gclk_init
 .text.system_gclk_gen_set_config
                0x0000124c       0xac src/ASF/sam0/drivers/system/clock/clock_samc20_c21/gclk.o
                0x0000124c                system_gclk_gen_set_config
 .text.system_gclk_gen_enable
                0x000012f8       0x40 src/ASF/sam0/drivers/system/clock/clock_samc20_c21/gclk.o
                0x000012f8                system_gclk_gen_enable
 .text.system_gclk_gen_get_hz
                0x00001338       0x6c src/ASF/sam0/drivers/system/clock/clock_samc20_c21/gclk.o
                0x00001338                system_gclk_gen_get_hz
 .text.system_gclk_chan_enable
                0x000013a4       0x34 src/ASF/sam0/drivers/system/clock/clock_samc20_c21/gclk.o
                0x000013a4                system_gclk_chan_enable
 .text.system_gclk_chan_disable
                0x000013d8       0x34 src/ASF/sam0/drivers/system/clock/clock_samc20_c21/gclk.o
                0x000013d8                system_gclk_chan_disable
 .text.system_gclk_chan_set_config
                0x0000140c       0x24 src/ASF/sam0/drivers/system/clock/clock_samc20_c21/gclk.o
                0x0000140c                system_gclk_chan_set_config
 .text.system_gclk_chan_get_hz
                0x00001430       0x30 src/ASF/sam0/drivers/system/clock/clock_samc20_c21/gclk.o
                0x00001430                system_gclk_chan_get_hz
 .text._system_pinmux_config
                0x00001460       0xa8 src/ASF/sam0/drivers/system/pinmux/pinmux.o
 .text.system_pinmux_pin_set_config
                0x00001508       0x2c src/ASF/sam0/drivers/system/pinmux/pinmux.o
                0x00001508                system_pinmux_pin_set_config
 .text._system_dummy_init
                0x00001534        0x4 src/ASF/sam0/drivers/system/system.o
                0x00001534                _system_events_init
                0x00001534                _system_dummy_init
                0x00001534                _system_divas_init
 .text.system_init
                0x00001538       0x2c src/ASF/sam0/drivers/system/system.o
                0x00001538                system_init
 .text.tc_register_callback
                0x00001564       0x34 src/ASF/sam0/drivers/tc/tc_interrupt.o
                0x00001564                tc_register_callback
 .text._tc_interrupt_handler
                0x00001598       0x5c src/ASF/sam0/drivers/tc/tc_interrupt.o
                0x00001598                _tc_interrupt_handler
 .text.TC0_Handler
                0x000015f4       0x10 src/ASF/sam0/drivers/tc/tc_interrupt.o
                0x000015f4                TC0_Handler
 .text.TC1_Handler
                0x00001604       0x10 src/ASF/sam0/drivers/tc/tc_interrupt.o
                0x00001604                TC1_Handler
 .text.TC2_Handler
                0x00001614       0x10 src/ASF/sam0/drivers/tc/tc_interrupt.o
                0x00001614                TC2_Handler
 .text.TC3_Handler
                0x00001624       0x10 src/ASF/sam0/drivers/tc/tc_interrupt.o
                0x00001624                TC3_Handler
 .text.TC4_Handler
                0x00001634       0x10 src/ASF/sam0/drivers/tc/tc_interrupt.o
                0x00001634                TC4_Handler
 .text._tc_get_inst_index
                0x00001644       0x3c src/ASF/sam0/drivers/tc/tc_sam_l_c/tc.o
                0x00001644                _tc_get_inst_index
 .text.tc_init  0x00001680      0x2b8 src/ASF/sam0/drivers/tc/tc_sam_l_c/tc.o
                0x00001680                tc_init
 .text.tc_set_count_value
                0x00001938       0x34 src/ASF/sam0/drivers/tc/tc_sam_l_c/tc.o
                0x00001938                tc_set_count_value
 .text.Dummy_Handler
                0x0000196c        0x4 src/ASF/sam0/utils/cmsis/samc21/source/gcc/startup_samc21.o
                0x0000196c                DMAC_Handler
                0x0000196c                HardFault_Handler
                0x0000196c                AC_Handler
                0x0000196c                SysTick_Handler
                0x0000196c                PendSV_Handler
                0x0000196c                NMI_Handler
                0x0000196c                TCC1_Handler
                0x0000196c                TCC0_Handler
                0x0000196c                RTC_Handler
                0x0000196c                ADC1_Handler
                0x0000196c                WDT_Handler
                0x0000196c                CAN0_Handler
                0x0000196c                SDADC_Handler
                0x0000196c                Dummy_Handler
                0x0000196c                CAN1_Handler
                0x0000196c                ADC0_Handler
                0x0000196c                TSENS_Handler
                0x0000196c                SVC_Handler
                0x0000196c                TCC2_Handler
                0x0000196c                EVSYS_Handler
                0x0000196c                NVMCTRL_Handler
                0x0000196c                SYSTEM_Handler
                0x0000196c                DAC_Handler
                0x0000196c                PTC_Handler
                0x0000196c                FREQM_Handler
 .text.Reset_Handler
                0x00001970       0x9c src/ASF/sam0/utils/cmsis/samc21/source/gcc/startup_samc21.o
                0x00001970                Reset_Handler
 .text._read    0x00001a0c       0x44 src/ASF/sam0/utils/stdio/read.o
                0x00001a0c                _read
 .text._write   0x00001a50       0x50 src/ASF/sam0/utils/stdio/write.o
                0x00001a50                _write
 .text._sbrk    0x00001aa0       0x24 src/ASF/sam0/utils/syscalls/gcc/syscalls.o
                0x00001aa0                _sbrk
 .text._close   0x00001ac4        0x8 src/ASF/sam0/utils/syscalls/gcc/syscalls.o
                0x00001ac4                _close
 .text._fstat   0x00001acc        0xc src/ASF/sam0/utils/syscalls/gcc/syscalls.o
                0x00001acc                _fstat
 .text._isatty  0x00001ad8        0x4 src/ASF/sam0/utils/syscalls/gcc/syscalls.o
                0x00001ad8                _isatty
 .text._lseek   0x00001adc        0x4 src/ASF/sam0/utils/syscalls/gcc/syscalls.o
                0x00001adc                _lseek
 .text.main     0x00001ae0       0x5c src/main.o
                0x00001ae0                main
 .text          0x00001b3c      0x120 c:/program files (x86)/atmel/studio/7.0/toolchain/arm/arm-gnu-toolchain/bin/../lib/gcc/arm-none-eabi/4.9.3/armv6-m\libgcc.a(_udivsi3.o)
                0x00001b3c                __aeabi_uidiv
                0x00001b3c                __udivsi3
                0x00001c48                __aeabi_uidivmod
 .text          0x00001c5c        0x4 c:/program files (x86)/atmel/studio/7.0/toolchain/arm/arm-gnu-toolchain/bin/../lib/gcc/arm-none-eabi/4.9.3/armv6-m\libgcc.a(_dvmd_tls.o)
                0x00001c5c                __aeabi_idiv0
                0x00001c5c                __aeabi_ldiv0
 .text          0x00001c60       0x54 c:/program files (x86)/atmel/studio/7.0/toolchain/arm/arm-gnu-toolchain/bin/../lib/gcc/arm-none-eabi/4.9.3/armv6-m\libgcc.a(_muldi3.o)
                0x00001c60                __muldi3
                0x00001c60                __aeabi_lmul
 .text.__libc_init_array
                0x00001cb4       0x4c c:/program files (x86)/atmel/studio/7.0/toolchain/arm/arm-gnu-toolchain/bin/../lib/gcc/arm-none-eabi/4.9.3/../../../../arm-none-eabi/lib/armv6-m\libc_nano.a(lib_a-init.o)
                0x00001cb4                __libc_init_array
 .text.memcpy   0x00001d00       0x12 c:/program files (x86)/atmel/studio/7.0/toolchain/arm/arm-gnu-toolchain/bin/../lib/gcc/arm-none-eabi/4.9.3/../../../../arm-none-eabi/lib/armv6-m\libc_nano.a(lib_a-memcpy.o)
                0x00001d00                memcpy
 .text.memset   0x00001d12       0x10 c:/program files (x86)/atmel/studio/7.0/toolchain/arm/arm-gnu-toolchain/bin/../lib/gcc/arm-none-eabi/4.9.3/../../../../arm-none-eabi/lib/armv6-m\libc_nano.a(lib_a-memset.o)
                0x00001d12                memset
 .text._puts_r  0x00001d22       0xc2 c:/program files (x86)/atmel/studio/7.0/toolchain/arm/arm-gnu-toolchain/bin/../lib/gcc/arm-none-eabi/4.9.3/../../../../arm-none-eabi/lib/armv6-m\libc_nano.a(lib_a-puts.o)
                0x00001d22                _puts_r
 .text.puts     0x00001de4       0x14 c:/program files (x86)/atmel/studio/7.0/toolchain/arm/arm-gnu-toolchain/bin/../lib/gcc/arm-none-eabi/4.9.3/../../../../arm-none-eabi/lib/armv6-m\libc_nano.a(lib_a-puts.o)
                0x00001de4                puts
 .text.setbuf   0x00001df8       0x12 c:/program files (x86)/atmel/studio/7.0/toolchain/arm/arm-gnu-toolchain/bin/../lib/gcc/arm-none-eabi/4.9.3/../../../../arm-none-eabi/lib/armv6-m\libc_nano.a(lib_a-setbuf.o)
                0x00001df8                setbuf
 *fill*         0x00001e0a        0x2 
 .text.setvbuf  0x00001e0c      0x10c c:/program files (x86)/atmel/studio/7.0/toolchain/arm/arm-gnu-toolchain/bin/../lib/gcc/arm-none-eabi/4.9.3/../../../../arm-none-eabi/lib/armv6-m\libc_nano.a(lib_a-setvbuf.o)
                0x00001e0c                setvbuf
 .text.__swbuf_r
                0x00001f18       0xb0 c:/program files (x86)/atmel/studio/7.0/toolchain/arm/arm-gnu-toolchain/bin/../lib/gcc/arm-none-eabi/4.9.3/../../../../arm-none-eabi/lib/armv6-m\libc_nano.a(lib_a-wbuf.o)
                0x00001f18                __swbuf_r
 .text.__swsetup_r
                0x00001fc8       0xe8 c:/program files (x86)/atmel/studio/7.0/toolchain/arm/arm-gnu-toolchain/bin/../lib/gcc/arm-none-eabi/4.9.3/../../../../arm-none-eabi/lib/armv6-m\libc_nano.a(lib_a-wsetup.o)
                0x00001fc8                __swsetup_r
 .text.__sflush_r
                0x000020b0      0x112 c:/program files (x86)/atmel/studio/7.0/toolchain/arm/arm-gnu-toolchain/bin/../lib/gcc/arm-none-eabi/4.9.3/../../../../arm-none-eabi/lib/armv6-m\libc_nano.a(lib_a-fflush.o)
                0x000020b0                __sflush_r
 *fill*         0x000021c2        0x2 
 .text._fflush_r
                0x000021c4       0x58 c:/program files (x86)/atmel/studio/7.0/toolchain/arm/arm-gnu-toolchain/bin/../lib/gcc/arm-none-eabi/4.9.3/../../../../arm-none-eabi/lib/armv6-m\libc_nano.a(lib_a-fflush.o)
                0x000021c4                _fflush_r
 .text._cleanup_r
                0x0000221c       0x10 c:/program files (x86)/atmel/studio/7.0/toolchain/arm/arm-gnu-toolchain/bin/../lib/gcc/arm-none-eabi/4.9.3/../../../../arm-none-eabi/lib/armv6-m\libc_nano.a(lib_a-findfp.o)
                0x0000221c                _cleanup_r
 .text.std.isra.0
                0x0000222c       0x48 c:/program files (x86)/atmel/studio/7.0/toolchain/arm/arm-gnu-toolchain/bin/../lib/gcc/arm-none-eabi/4.9.3/../../../../arm-none-eabi/lib/armv6-m\libc_nano.a(lib_a-findfp.o)
 .text.__sfmoreglue
                0x00002274       0x2c c:/program files (x86)/atmel/studio/7.0/toolchain/arm/arm-gnu-toolchain/bin/../lib/gcc/arm-none-eabi/4.9.3/../../../../arm-none-eabi/lib/armv6-m\libc_nano.a(lib_a-findfp.o)
                0x00002274                __sfmoreglue
 .text.__sinit  0x000022a0       0x64 c:/program files (x86)/atmel/studio/7.0/toolchain/arm/arm-gnu-toolchain/bin/../lib/gcc/arm-none-eabi/4.9.3/../../../../arm-none-eabi/lib/armv6-m\libc_nano.a(lib_a-findfp.o)
                0x000022a0                __sinit
 .text.__sfp    0x00002304       0x7c c:/program files (x86)/atmel/studio/7.0/toolchain/arm/arm-gnu-toolchain/bin/../lib/gcc/arm-none-eabi/4.9.3/../../../../arm-none-eabi/lib/armv6-m\libc_nano.a(lib_a-findfp.o)
                0x00002304                __sfp
 .text._fwalk_reent
                0x00002380       0x42 c:/program files (x86)/atmel/studio/7.0/toolchain/arm/arm-gnu-toolchain/bin/../lib/gcc/arm-none-eabi/4.9.3/../../../../arm-none-eabi/lib/armv6-m\libc_nano.a(lib_a-fwalk.o)
                0x00002380                _fwalk_reent
 *fill*         0x000023c2        0x2 
 .text.__smakebuf_r
                0x000023c4       0xb0 c:/program files (x86)/atmel/studio/7.0/toolchain/arm/arm-gnu-toolchain/bin/../lib/gcc/arm-none-eabi/4.9.3/../../../../arm-none-eabi/lib/armv6-m\libc_nano.a(lib_a-makebuf.o)
                0x000023c4                __smakebuf_r
 .text.malloc   0x00002474       0x14 c:/program files (x86)/atmel/studio/7.0/toolchain/arm/arm-gnu-toolchain/bin/../lib/gcc/arm-none-eabi/4.9.3/../../../../arm-none-eabi/lib/armv6-m\libc_nano.a(lib_a-malloc.o)
                0x00002474                malloc
 .text._free_r  0x00002488       0x8c c:/program files (x86)/atmel/studio/7.0/toolchain/arm/arm-gnu-toolchain/bin/../lib/gcc/arm-none-eabi/4.9.3/../../../../arm-none-eabi/lib/armv6-m\libc_nano.a(lib_a-nano-freer.o)
                0x00002488                _free_r
 .text._malloc_r
                0x00002514       0xb0 c:/program files (x86)/atmel/studio/7.0/toolchain/arm/arm-gnu-toolchain/bin/../lib/gcc/arm-none-eabi/4.9.3/../../../../arm-none-eabi/lib/armv6-m\libc_nano.a(lib_a-nano-mallocr.o)
                0x00002514                _malloc_r
 .text._sbrk_r  0x000025c4       0x24 c:/program files (x86)/atmel/studio/7.0/toolchain/arm/arm-gnu-toolchain/bin/../lib/gcc/arm-none-eabi/4.9.3/../../../../arm-none-eabi/lib/armv6-m\libc_nano.a(lib_a-sbrkr.o)
                0x000025c4                _sbrk_r
 .text.__sread  0x000025e8       0x28 c:/program files (x86)/atmel/studio/7.0/toolchain/arm/arm-gnu-toolchain/bin/../lib/gcc/arm-none-eabi/4.9.3/../../../../arm-none-eabi/lib/armv6-m\libc_nano.a(lib_a-stdio.o)
                0x000025e8                __sread
 .text.__swrite
                0x00002610       0x38 c:/program files (x86)/atmel/studio/7.0/toolchain/arm/arm-gnu-toolchain/bin/../lib/gcc/arm-none-eabi/4.9.3/../../../../arm-none-eabi/lib/armv6-m\libc_nano.a(lib_a-stdio.o)
                0x00002610                __swrite
 .text.__sseek  0x00002648       0x2c c:/program files (x86)/atmel/studio/7.0/toolchain/arm/arm-gnu-toolchain/bin/../lib/gcc/arm-none-eabi/4.9.3/../../../../arm-none-eabi/lib/armv6-m\libc_nano.a(lib_a-stdio.o)
                0x00002648                __sseek
 .text.__sclose
                0x00002674        0xc c:/program files (x86)/atmel/studio/7.0/toolchain/arm/arm-gnu-toolchain/bin/../lib/gcc/arm-none-eabi/4.9.3/../../../../arm-none-eabi/lib/armv6-m\libc_nano.a(lib_a-stdio.o)
                0x00002674                __sclose
 .text._write_r
                0x00002680       0x28 c:/program files (x86)/atmel/studio/7.0/toolchain/arm/arm-gnu-toolchain/bin/../lib/gcc/arm-none-eabi/4.9.3/../../../../arm-none-eabi/lib/armv6-m\libc_nano.a(lib_a-writer.o)
                0x00002680                _write_r
 .text._close_r
                0x000026a8       0x24 c:/program files (x86)/atmel/studio/7.0/toolchain/arm/arm-gnu-toolchain/bin/../lib/gcc/arm-none-eabi/4.9.3/../../../../arm-none-eabi/lib/armv6-m\libc_nano.a(lib_a-closer.o)
                0x000026a8                _close_r
 .text._fstat_r
                0x000026cc       0x24 c:/program files (x86)/atmel/studio/7.0/toolchain/arm/arm-gnu-toolchain/bin/../lib/gcc/arm-none-eabi/4.9.3/../../../../arm-none-eabi/lib/armv6-m\libc_nano.a(lib_a-fstatr.o)
                0x000026cc                _fstat_r
 .text._isatty_r
                0x000026f0       0x24 c:/program files (x86)/atmel/studio/7.0/toolchain/arm/arm-gnu-toolchain/bin/../lib/gcc/arm-none-eabi/4.9.3/../../../../arm-none-eabi/lib/armv6-m\libc_nano.a(lib_a-isattyr.o)
                0x000026f0                _isatty_r
 .text._lseek_r
                0x00002714       0x28 c:/program files (x86)/atmel/studio/7.0/toolchain/arm/arm-gnu-toolchain/bin/../lib/gcc/arm-none-eabi/4.9.3/../../../../arm-none-eabi/lib/armv6-m\libc_nano.a(lib_a-lseekr.o)
                0x00002714                _lseek_r
 .text._read_r  0x0000273c       0x28 c:/program files (x86)/atmel/studio/7.0/toolchain/arm/arm-gnu-toolchain/bin/../lib/gcc/arm-none-eabi/4.9.3/../../../../arm-none-eabi/lib/armv6-m\libc_nano.a(lib_a-readr.o)
                0x0000273c                _read_r
 *(.glue_7t)
 .glue_7t       0x00000000        0x0 linker stubs
 *(.glue_7)
 .glue_7        0x00000000        0x0 linker stubs
 *(.rodata .rodata* .gnu.linkonce.r.*)
 .rodata.tc_interrupt_vectors.14330
                0x00002764        0x5 src/TimerTick.o
 *fill*         0x00002769        0x3 
 .rodata.str1.4
                0x0000276c       0x27 src/TimerTick.o
 *fill*         0x00002793        0x1 
 .rodata        0x00002794       0x18 src/ASF/sam0/drivers/sercom/sercom.o
 .rodata        0x000027ac        0x6 src/ASF/sam0/drivers/sercom/sercom_interrupt.o
 *fill*         0x000027b2        0x2 
 .rodata.system_clock_source_get_hz
                0x000027b4       0x20 src/ASF/sam0/drivers/system/clock/clock_samc20_c21/clock.o
 .rodata        0x000027d4       0x44 src/ASF/sam0/drivers/tc/tc_sam_l_c/tc.o
 .rodata.str1.4
                0x00002818       0x18 src/main.o
                                 0x16 (size before relaxing)
 .rodata.str1.1
                0x00002830        0x2 c:/program files (x86)/atmel/studio/7.0/toolchain/arm/arm-gnu-toolchain/bin/../lib/gcc/arm-none-eabi/4.9.3/../../../../arm-none-eabi/lib/armv6-m\libc_nano.a(lib_a-impure.o)
 *fill*         0x00002832        0x2 
 .rodata._global_impure_ptr
                0x00002834        0x4 c:/program files (x86)/atmel/studio/7.0/toolchain/arm/arm-gnu-toolchain/bin/../lib/gcc/arm-none-eabi/4.9.3/../../../../arm-none-eabi/lib/armv6-m\libc_nano.a(lib_a-impure.o)
                0x00002834                _global_impure_ptr
 .rodata.__sf_fake_stdin
                0x00002838       0x20 c:/program files (x86)/atmel/studio/7.0/toolchain/arm/arm-gnu-toolchain/bin/../lib/gcc/arm-none-eabi/4.9.3/../../../../arm-none-eabi/lib/armv6-m\libc_nano.a(lib_a-findfp.o)
                0x00002838                __sf_fake_stdin
 .rodata.__sf_fake_stdout
                0x00002858       0x20 c:/program files (x86)/atmel/studio/7.0/toolchain/arm/arm-gnu-toolchain/bin/../lib/gcc/arm-none-eabi/4.9.3/../../../../arm-none-eabi/lib/armv6-m\libc_nano.a(lib_a-findfp.o)
                0x00002858                __sf_fake_stdout
 .rodata.__sf_fake_stderr
                0x00002878       0x20 c:/program files (x86)/atmel/studio/7.0/toolchain/arm/arm-gnu-toolchain/bin/../lib/gcc/arm-none-eabi/4.9.3/../../../../arm-none-eabi/lib/armv6-m\libc_nano.a(lib_a-findfp.o)
                0x00002878                __sf_fake_stderr
 *(.ARM.extab* .gnu.linkonce.armextab.*)
                0x00002898                . = ALIGN (0x4)
 *(.init)
 .init          0x00002898        0x4 c:/program files (x86)/atmel/studio/7.0/toolchain/arm/arm-gnu-toolchain/bin/../lib/gcc/arm-none-eabi/4.9.3/armv6-m/crti.o
                0x00002898                _init
 .init          0x0000289c        0x8 c:/program files (x86)/atmel/studio/7.0/toolchain/arm/arm-gnu-toolchain/bin/../lib/gcc/arm-none-eabi/4.9.3/armv6-m/crtn.o
                0x000028a4                . = ALIGN (0x4)
                0x000028a4                __preinit_array_start = .
 *(.preinit_array)
                0x000028a4                __preinit_array_end = .
                0x000028a4                . = ALIGN (0x4)
                0x000028a4                __init_array_start = .
 *(SORT(.init_array.*))
 *(.init_array)
 .init_array    0x000028a4        0x4 c:/program files (x86)/atmel/studio/7.0/toolchain/arm/arm-gnu-toolchain/bin/../lib/gcc/arm-none-eabi/4.9.3/armv6-m/crtbegin.o
                0x000028a8                __init_array_end = .
                0x000028a8                . = ALIGN (0x4)
 *crtbegin.o(.ctors)
 *(EXCLUDE_FILE(*crtend.o) .ctors)
 *(SORT(.ctors.*))
 *crtend.o(.ctors)
                0x000028a8                . = ALIGN (0x4)
 *(.fini)
 .fini          0x000028a8        0x4 c:/program files (x86)/atmel/studio/7.0/toolchain/arm/arm-gnu-toolchain/bin/../lib/gcc/arm-none-eabi/4.9.3/armv6-m/crti.o
                0x000028a8                _fini
 .fini          0x000028ac        0x8 c:/program files (x86)/atmel/studio/7.0/toolchain/arm/arm-gnu-toolchain/bin/../lib/gcc/arm-none-eabi/4.9.3/armv6-m/crtn.o
                0x000028b4                . = ALIGN (0x4)
                0x000028b4                __fini_array_start = .
 *(.fini_array)
 .fini_array    0x000028b4        0x4 c:/program files (x86)/atmel/studio/7.0/toolchain/arm/arm-gnu-toolchain/bin/../lib/gcc/arm-none-eabi/4.9.3/armv6-m/crtbegin.o
 *(SORT(.fini_array.*))
                0x000028b8                __fini_array_end = .
 *crtbegin.o(.dtors)
 *(EXCLUDE_FILE(*crtend.o) .dtors)
 *(SORT(.dtors.*))
 *crtend.o(.dtors)
                0x000028b8                . = ALIGN (0x4)
                0x000028b8                _efixed = .
                0x000028b8                PROVIDE (__exidx_start, .)

.vfp11_veneer   0x000028b8        0x0
 .vfp11_veneer  0x00000000        0x0 linker stubs

.v4_bx          0x000028b8        0x0
 .v4_bx         0x00000000        0x0 linker stubs

.iplt           0x000028b8        0x0
 .iplt          0x00000000        0x0 c:/program files (x86)/atmel/studio/7.0/toolchain/arm/arm-gnu-toolchain/bin/../lib/gcc/arm-none-eabi/4.9.3/armv6-m/crtbegin.o

.eh_frame       0x000028b8        0x0
 .eh_frame      0x000028b8        0x0 c:/program files (x86)/atmel/studio/7.0/toolchain/arm/arm-gnu-toolchain/bin/../lib/gcc/arm-none-eabi/4.9.3/armv6-m/crtbegin.o

.rel.dyn        0x000028b8        0x0
 .rel.iplt      0x00000000        0x0 c:/program files (x86)/atmel/studio/7.0/toolchain/arm/arm-gnu-toolchain/bin/../lib/gcc/arm-none-eabi/4.9.3/armv6-m/crtbegin.o

.jcr            0x000028b8        0x0
 .jcr           0x000028b8        0x0 c:/program files (x86)/atmel/studio/7.0/toolchain/arm/arm-gnu-toolchain/bin/../lib/gcc/arm-none-eabi/4.9.3/armv6-m/crtbegin.o

.igot.plt       0x000028b8        0x0
 .igot.plt      0x00000000        0x0 c:/program files (x86)/atmel/studio/7.0/toolchain/arm/arm-gnu-toolchain/bin/../lib/gcc/arm-none-eabi/4.9.3/armv6-m/crtbegin.o

.ARM.exidx
 *(.ARM.exidx* .gnu.linkonce.armexidx.*)
                0x000028b8                PROVIDE (__exidx_end, .)
                0x000028b8                . = ALIGN (0x4)
                0x000028b8                _etext = .

.relocate       0x20000000       0x68 load address 0x000028b8
                0x20000000                . = ALIGN (0x4)
                0x20000000                _srelocate = .
 *(.ramfunc .ramfunc.*)
 *(.data .data.*)
 .data.g_interrupt_enabled
                0x20000000        0x1 src/ASF/common/utils/interrupt/interrupt_sam_nvic.o
                0x20000000                g_interrupt_enabled
 *fill*         0x20000001        0x3 
 .data.impure_data
                0x20000004       0x60 c:/program files (x86)/atmel/studio/7.0/toolchain/arm/arm-gnu-toolchain/bin/../lib/gcc/arm-none-eabi/4.9.3/../../../../arm-none-eabi/lib/armv6-m\libc_nano.a(lib_a-impure.o)
 .data._impure_ptr
                0x20000064        0x4 c:/program files (x86)/atmel/studio/7.0/toolchain/arm/arm-gnu-toolchain/bin/../lib/gcc/arm-none-eabi/4.9.3/../../../../arm-none-eabi/lib/armv6-m\libc_nano.a(lib_a-impure.o)
                0x20000064                _impure_ptr
                0x20000068                . = ALIGN (0x4)
                0x20000068                _erelocate = .

.bss            0x20000068      0x12c load address 0x00002920
                0x20000068                . = ALIGN (0x4)
                0x20000068                _sbss = .
                0x20000068                _szero = .
 *(.bss .bss.*)
 .bss           0x20000068       0x1c c:/program files (x86)/atmel/studio/7.0/toolchain/arm/arm-gnu-toolchain/bin/../lib/gcc/arm-none-eabi/4.9.3/armv6-m/crtbegin.o
 .bss.cdc_uart_module
                0x20000084       0x34 src/DebugConsole.o
 .bss.count.14349
                0x200000b8        0x4 src/TimerTick.o
 .bss.cpu_irq_critical_section_counter
                0x200000bc        0x4 src/ASF/common/utils/interrupt/interrupt_sam_nvic.o
 .bss.cpu_irq_prev_interrupt_state
                0x200000c0        0x1 src/ASF/common/utils/interrupt/interrupt_sam_nvic.o
 *fill*         0x200000c1        0x3 
 .bss._sercom_config
                0x200000c4        0x2 src/ASF/sam0/drivers/sercom/sercom.o
 .bss._handler_table_initialized
                0x200000c6        0x1 src/ASF/sam0/drivers/sercom/sercom_interrupt.o
 *fill*         0x200000c7        0x1 
 .bss._sercom_interrupt_handlers
                0x200000c8       0x18 src/ASF/sam0/drivers/sercom/sercom_interrupt.o
 .bss._system_clock_inst
                0x200000e0        0xc src/ASF/sam0/drivers/system/clock/clock_samc20_c21/clock.o
 .bss.heap.5211
                0x200000ec        0x4 src/ASF/sam0/utils/syscalls/gcc/syscalls.o
 .bss.__malloc_sbrk_start
                0x200000f0        0x4 c:/program files (x86)/atmel/studio/7.0/toolchain/arm/arm-gnu-toolchain/bin/../lib/gcc/arm-none-eabi/4.9.3/../../../../arm-none-eabi/lib/armv6-m\libc_nano.a(lib_a-nano-mallocr.o)
                0x200000f0                __malloc_sbrk_start
 .bss.__malloc_free_list
                0x200000f4        0x4 c:/program files (x86)/atmel/studio/7.0/toolchain/arm/arm-gnu-toolchain/bin/../lib/gcc/arm-none-eabi/4.9.3/../../../../arm-none-eabi/lib/armv6-m\libc_nano.a(lib_a-nano-mallocr.o)
                0x200000f4                __malloc_free_list
 *(COMMON)
 COMMON         0x200000f8       0x1c src/TimerTick.o
                0x200000f8                tc_instance
 COMMON         0x20000114        0x3 src/UserIO.o
                0x20000114                pin
 COMMON         0x20000117        0x1 src/ASF/sam0/drivers/extint/extint_callback.o
                0x20000117                _current_channel
 COMMON         0x20000118       0x40 src/ASF/sam0/drivers/extint/extint_sam_l_c/extint.o
                0x20000118                _extint_dev
 COMMON         0x20000158       0x18 src/ASF/sam0/drivers/sercom/sercom_interrupt.o
                0x20000158                _sercom_instances
 COMMON         0x20000170       0x14 src/ASF/sam0/drivers/tc/tc_interrupt.o
                0x20000170                _tc_instances
 COMMON         0x20000184        0x4 src/ASF/sam0/utils/stdio/read.o
                0x20000184                ptr_get
 COMMON         0x20000188        0x8 src/ASF/sam0/utils/stdio/write.o
                0x20000188                ptr_put
                0x2000018c                stdio_base
 COMMON         0x20000190        0x4 c:/program files (x86)/atmel/studio/7.0/toolchain/arm/arm-gnu-toolchain/bin/../lib/gcc/arm-none-eabi/4.9.3/../../../../arm-none-eabi/lib/armv6-m\libc_nano.a(lib_a-reent.o)
                0x20000190                errno
                0x20000194                . = ALIGN (0x4)
                0x20000194                _ebss = .
                0x20000194                _ezero = .

.stack          0x20000194     0x2004 load address 0x00002a4c
                0x20000198                . = ALIGN (0x8)
 *fill*         0x20000194        0x4 
                0x20000198                _sstack = .
                0x20002198                . = (. + STACK_SIZE)
 *fill*         0x20000198     0x2000 
                0x20002198                . = ALIGN (0x8)
                0x20002198                _estack = .
                0x20002198                . = ALIGN (0x4)
                0x20002198                _end = .
OUTPUT(C21_ASF_StarterProj.elf elf32-littlearm)

.ARM.attributes
                0x00000000       0x28
 .ARM.attributes
                0x00000000       0x1e c:/program files (x86)/atmel/studio/7.0/toolchain/arm/arm-gnu-toolchain/bin/../lib/gcc/arm-none-eabi/4.9.3/armv6-m/crti.o
 .ARM.attributes
                0x0000001e       0x2c c:/program files (x86)/atmel/studio/7.0/toolchain/arm/arm-gnu-toolchain/bin/../lib/gcc/arm-none-eabi/4.9.3/armv6-m/crtbegin.o
 .ARM.attributes
                0x0000004a       0x32 src/DebugConsole.o
 .ARM.attributes
                0x0000007c       0x32 src/TimerTick.o
 .ARM.attributes
                0x000000ae       0x32 src/UserIO.o
 .ARM.attributes
                0x000000e0       0x32 src/ASF/common2/boards/user_board/init.o
 .ARM.attributes
                0x00000112       0x32 src/ASF/common/utils/interrupt/interrupt_sam_nvic.o
 .ARM.attributes
                0x00000144       0x32 src/ASF/sam0/drivers/extint/extint_callback.o
 .ARM.attributes
                0x00000176       0x32 src/ASF/sam0/drivers/extint/extint_sam_l_c/extint.o
 .ARM.attributes
                0x000001a8       0x32 src/ASF/sam0/drivers/port/port.o
 .ARM.attributes
                0x000001da       0x32 src/ASF/sam0/drivers/sercom/sercom.o
 .ARM.attributes
                0x0000020c       0x32 src/ASF/sam0/drivers/sercom/sercom_interrupt.o
 .ARM.attributes
                0x0000023e       0x32 src/ASF/sam0/drivers/sercom/usart/usart.o
 .ARM.attributes
                0x00000270       0x32 src/ASF/sam0/drivers/sercom/usart/usart_interrupt.o
 .ARM.attributes
                0x000002a2       0x32 src/ASF/sam0/drivers/system/clock/clock_samc20_c21/clock.o
 .ARM.attributes
                0x000002d4       0x32 src/ASF/sam0/drivers/system/clock/clock_samc20_c21/gclk.o
 .ARM.attributes
                0x00000306       0x32 src/ASF/sam0/drivers/system/pinmux/pinmux.o
 .ARM.attributes
                0x00000338       0x32 src/ASF/sam0/drivers/system/system.o
 .ARM.attributes
                0x0000036a       0x32 src/ASF/sam0/drivers/tc/tc_interrupt.o
 .ARM.attributes
                0x0000039c       0x32 src/ASF/sam0/drivers/tc/tc_sam_l_c/tc.o
 .ARM.attributes
                0x000003ce       0x32 src/ASF/sam0/utils/cmsis/samc21/source/gcc/startup_samc21.o
 .ARM.attributes
                0x00000400       0x32 src/ASF/sam0/utils/stdio/read.o
 .ARM.attributes
                0x00000432       0x32 src/ASF/sam0/utils/stdio/write.o
 .ARM.attributes
                0x00000464       0x32 src/ASF/sam0/utils/syscalls/gcc/syscalls.o
 .ARM.attributes
                0x00000496       0x32 src/main.o
 .ARM.attributes
                0x000004c8       0x1e c:/program files (x86)/atmel/studio/7.0/toolchain/arm/arm-gnu-toolchain/bin/../lib/gcc/arm-none-eabi/4.9.3/armv6-m\libgcc.a(_udivsi3.o)
 .ARM.attributes
                0x000004e6       0x1e c:/program files (x86)/atmel/studio/7.0/toolchain/arm/arm-gnu-toolchain/bin/../lib/gcc/arm-none-eabi/4.9.3/armv6-m\libgcc.a(_dvmd_tls.o)
 .ARM.attributes
                0x00000504       0x2c c:/program files (x86)/atmel/studio/7.0/toolchain/arm/arm-gnu-toolchain/bin/../lib/gcc/arm-none-eabi/4.9.3/armv6-m\libgcc.a(_muldi3.o)
 .ARM.attributes
                0x00000530       0x2c c:/program files (x86)/atmel/studio/7.0/toolchain/arm/arm-gnu-toolchain/bin/../lib/gcc/arm-none-eabi/4.9.3/../../../../arm-none-eabi/lib/armv6-m\libc_nano.a(lib_a-impure.o)
 .ARM.attributes
                0x0000055c       0x2c c:/program files (x86)/atmel/studio/7.0/toolchain/arm/arm-gnu-toolchain/bin/../lib/gcc/arm-none-eabi/4.9.3/../../../../arm-none-eabi/lib/armv6-m\libc_nano.a(lib_a-init.o)
 .ARM.attributes
                0x00000588       0x2c c:/program files (x86)/atmel/studio/7.0/toolchain/arm/arm-gnu-toolchain/bin/../lib/gcc/arm-none-eabi/4.9.3/../../../../arm-none-eabi/lib/armv6-m\libc_nano.a(lib_a-memcpy.o)
 .ARM.attributes
                0x000005b4       0x2c c:/program files (x86)/atmel/studio/7.0/toolchain/arm/arm-gnu-toolchain/bin/../lib/gcc/arm-none-eabi/4.9.3/../../../../arm-none-eabi/lib/armv6-m\libc_nano.a(lib_a-memset.o)
 .ARM.attributes
                0x000005e0       0x2c c:/program files (x86)/atmel/studio/7.0/toolchain/arm/arm-gnu-toolchain/bin/../lib/gcc/arm-none-eabi/4.9.3/../../../../arm-none-eabi/lib/armv6-m\libc_nano.a(lib_a-puts.o)
 .ARM.attributes
                0x0000060c       0x2c c:/program files (x86)/atmel/studio/7.0/toolchain/arm/arm-gnu-toolchain/bin/../lib/gcc/arm-none-eabi/4.9.3/../../../../arm-none-eabi/lib/armv6-m\libc_nano.a(lib_a-setbuf.o)
 .ARM.attributes
                0x00000638       0x2c c:/program files (x86)/atmel/studio/7.0/toolchain/arm/arm-gnu-toolchain/bin/../lib/gcc/arm-none-eabi/4.9.3/../../../../arm-none-eabi/lib/armv6-m\libc_nano.a(lib_a-setvbuf.o)
 .ARM.attributes
                0x00000664       0x2c c:/program files (x86)/atmel/studio/7.0/toolchain/arm/arm-gnu-toolchain/bin/../lib/gcc/arm-none-eabi/4.9.3/../../../../arm-none-eabi/lib/armv6-m\libc_nano.a(lib_a-wbuf.o)
 .ARM.attributes
                0x00000690       0x2c c:/program files (x86)/atmel/studio/7.0/toolchain/arm/arm-gnu-toolchain/bin/../lib/gcc/arm-none-eabi/4.9.3/../../../../arm-none-eabi/lib/armv6-m\libc_nano.a(lib_a-wsetup.o)
 .ARM.attributes
                0x000006bc       0x2c c:/program files (x86)/atmel/studio/7.0/toolchain/arm/arm-gnu-toolchain/bin/../lib/gcc/arm-none-eabi/4.9.3/../../../../arm-none-eabi/lib/armv6-m\libc_nano.a(lib_a-fflush.o)
 .ARM.attributes
                0x000006e8       0x2c c:/program files (x86)/atmel/studio/7.0/toolchain/arm/arm-gnu-toolchain/bin/../lib/gcc/arm-none-eabi/4.9.3/../../../../arm-none-eabi/lib/armv6-m\libc_nano.a(lib_a-findfp.o)
 .ARM.attributes
                0x00000714       0x2c c:/program files (x86)/atmel/studio/7.0/toolchain/arm/arm-gnu-toolchain/bin/../lib/gcc/arm-none-eabi/4.9.3/../../../../arm-none-eabi/lib/armv6-m\libc_nano.a(lib_a-fwalk.o)
 .ARM.attributes
                0x00000740       0x2c c:/program files (x86)/atmel/studio/7.0/toolchain/arm/arm-gnu-toolchain/bin/../lib/gcc/arm-none-eabi/4.9.3/../../../../arm-none-eabi/lib/armv6-m\libc_nano.a(lib_a-makebuf.o)
 .ARM.attributes
                0x0000076c       0x2c c:/program files (x86)/atmel/studio/7.0/toolchain/arm/arm-gnu-toolchain/bin/../lib/gcc/arm-none-eabi/4.9.3/../../../../arm-none-eabi/lib/armv6-m\libc_nano.a(lib_a-malloc.o)
 .ARM.attributes
                0x00000798       0x2c c:/program files (x86)/atmel/studio/7.0/toolchain/arm/arm-gnu-toolchain/bin/../lib/gcc/arm-none-eabi/4.9.3/../../../../arm-none-eabi/lib/armv6-m\libc_nano.a(lib_a-nano-freer.o)
 .ARM.attributes
                0x000007c4       0x2c c:/program files (x86)/atmel/studio/7.0/toolchain/arm/arm-gnu-toolchain/bin/../lib/gcc/arm-none-eabi/4.9.3/../../../../arm-none-eabi/lib/armv6-m\libc_nano.a(lib_a-nano-mallocr.o)
 .ARM.attributes
                0x000007f0       0x2c c:/program files (x86)/atmel/studio/7.0/toolchain/arm/arm-gnu-toolchain/bin/../lib/gcc/arm-none-eabi/4.9.3/../../../../arm-none-eabi/lib/armv6-m\libc_nano.a(lib_a-sbrkr.o)
 .ARM.attributes
                0x0000081c       0x2c c:/program files (x86)/atmel/studio/7.0/toolchain/arm/arm-gnu-toolchain/bin/../lib/gcc/arm-none-eabi/4.9.3/../../../../arm-none-eabi/lib/armv6-m\libc_nano.a(lib_a-stdio.o)
 .ARM.attributes
                0x00000848       0x2c c:/program files (x86)/atmel/studio/7.0/toolchain/arm/arm-gnu-toolchain/bin/../lib/gcc/arm-none-eabi/4.9.3/../../../../arm-none-eabi/lib/armv6-m\libc_nano.a(lib_a-writer.o)
 .ARM.attributes
                0x00000874       0x2c c:/program files (x86)/atmel/studio/7.0/toolchain/arm/arm-gnu-toolchain/bin/../lib/gcc/arm-none-eabi/4.9.3/../../../../arm-none-eabi/lib/armv6-m\libc_nano.a(lib_a-closer.o)
 .ARM.attributes
                0x000008a0       0x2c c:/program files (x86)/atmel/studio/7.0/toolchain/arm/arm-gnu-toolchain/bin/../lib/gcc/arm-none-eabi/4.9.3/../../../../arm-none-eabi/lib/armv6-m\libc_nano.a(lib_a-fstatr.o)
 .ARM.attributes
                0x000008cc       0x2c c:/program files (x86)/atmel/studio/7.0/toolchain/arm/arm-gnu-toolchain/bin/../lib/gcc/arm-none-eabi/4.9.3/../../../../arm-none-eabi/lib/armv6-m\libc_nano.a(lib_a-isattyr.o)
 .ARM.attributes
                0x000008f8       0x2c c:/program files (x86)/atmel/studio/7.0/toolchain/arm/arm-gnu-toolchain/bin/../lib/gcc/arm-none-eabi/4.9.3/../../../../arm-none-eabi/lib/armv6-m\libc_nano.a(lib_a-lseekr.o)
 .ARM.attributes
                0x00000924       0x2c c:/program files (x86)/atmel/studio/7.0/toolchain/arm/arm-gnu-toolchain/bin/../lib/gcc/arm-none-eabi/4.9.3/../../../../arm-none-eabi/lib/armv6-m\libc_nano.a(lib_a-readr.o)
 .ARM.attributes
                0x00000950       0x2c c:/program files (x86)/atmel/studio/7.0/toolchain/arm/arm-gnu-toolchain/bin/../lib/gcc/arm-none-eabi/4.9.3/../../../../arm-none-eabi/lib/armv6-m\libc_nano.a(lib_a-reent.o)
 .ARM.attributes
                0x0000097c       0x1e c:/program files (x86)/atmel/studio/7.0/toolchain/arm/arm-gnu-toolchain/bin/../lib/gcc/arm-none-eabi/4.9.3/armv6-m/crtn.o

.comment        0x00000000       0x5b
 .comment       0x00000000       0x5b src/DebugConsole.o
                                 0x5c (size before relaxing)
 .comment       0x00000000       0x5c src/TimerTick.o
 .comment       0x00000000       0x5c src/UserIO.o
 .comment       0x00000000       0x5c src/ASF/common2/boards/user_board/init.o
 .comment       0x00000000       0x5c src/ASF/common/utils/interrupt/interrupt_sam_nvic.o
 .comment       0x00000000       0x5c src/ASF/sam0/drivers/extint/extint_callback.o
 .comment       0x00000000       0x5c src/ASF/sam0/drivers/extint/extint_sam_l_c/extint.o
 .comment       0x00000000       0x5c src/ASF/sam0/drivers/port/port.o
 .comment       0x00000000       0x5c src/ASF/sam0/drivers/sercom/sercom.o
 .comment       0x00000000       0x5c src/ASF/sam0/drivers/sercom/sercom_interrupt.o
 .comment       0x00000000       0x5c src/ASF/sam0/drivers/sercom/usart/usart.o
 .comment       0x00000000       0x5c src/ASF/sam0/drivers/sercom/usart/usart_interrupt.o
 .comment       0x00000000       0x5c src/ASF/sam0/drivers/system/clock/clock_samc20_c21/clock.o
 .comment       0x00000000       0x5c src/ASF/sam0/drivers/system/clock/clock_samc20_c21/gclk.o
 .comment       0x00000000       0x5c src/ASF/sam0/drivers/system/pinmux/pinmux.o
 .comment       0x00000000       0x5c src/ASF/sam0/drivers/system/system.o
 .comment       0x00000000       0x5c src/ASF/sam0/drivers/tc/tc_interrupt.o
 .comment       0x00000000       0x5c src/ASF/sam0/drivers/tc/tc_sam_l_c/tc.o
 .comment       0x00000000       0x5c src/ASF/sam0/utils/cmsis/samc21/source/gcc/startup_samc21.o
 .comment       0x00000000       0x5c src/ASF/sam0/utils/stdio/read.o
 .comment       0x00000000       0x5c src/ASF/sam0/utils/stdio/write.o
 .comment       0x00000000       0x5c src/ASF/sam0/utils/syscalls/gcc/syscalls.o
 .comment       0x00000000       0x5c src/main.o

.debug_info     0x00000000    0x2149a
 .debug_info    0x00000000     0x3668 src/DebugConsole.o
 .debug_info    0x00003668     0x23dc src/TimerTick.o
 .debug_info    0x00005a44     0x1674 src/UserIO.o
 .debug_info    0x000070b8      0xa5d src/ASF/common2/boards/user_board/init.o
 .debug_info    0x00007b15      0x1ec src/ASF/common/utils/interrupt/interrupt_sam_nvic.o
 .debug_info    0x00007d01      0xaff src/ASF/sam0/drivers/extint/extint_callback.o
 .debug_info    0x00008800     0x1a75 src/ASF/sam0/drivers/extint/extint_sam_l_c/extint.o
 .debug_info    0x0000a275      0x904 src/ASF/sam0/drivers/port/port.o
 .debug_info    0x0000ab79     0x25fc src/ASF/sam0/drivers/sercom/sercom.o
 .debug_info    0x0000d175     0x23fe src/ASF/sam0/drivers/sercom/sercom_interrupt.o
 .debug_info    0x0000f573     0x4223 src/ASF/sam0/drivers/sercom/usart/usart.o
 .debug_info    0x00013796     0x27f6 src/ASF/sam0/drivers/sercom/usart/usart_interrupt.o
 .debug_info    0x00015f8c     0x2e2a src/ASF/sam0/drivers/system/clock/clock_samc20_c21/clock.o
 .debug_info    0x00018db6     0x12ab src/ASF/sam0/drivers/system/clock/clock_samc20_c21/gclk.o
 .debug_info    0x0001a061      0xa60 src/ASF/sam0/drivers/system/pinmux/pinmux.o
 .debug_info    0x0001aac1      0x17a src/ASF/sam0/drivers/system/system.o
 .debug_info    0x0001ac3b     0x1630 src/ASF/sam0/drivers/tc/tc_interrupt.o
 .debug_info    0x0001c26b     0x27e5 src/ASF/sam0/drivers/tc/tc_sam_l_c/tc.o
 .debug_info    0x0001ea50      0x4d6 src/ASF/sam0/utils/cmsis/samc21/source/gcc/startup_samc21.o
 .debug_info    0x0001ef26      0x1c2 src/ASF/sam0/utils/stdio/read.o
 .debug_info    0x0001f0e8      0x1bf src/ASF/sam0/utils/stdio/write.o
 .debug_info    0x0001f2a7      0x427 src/ASF/sam0/utils/syscalls/gcc/syscalls.o
 .debug_info    0x0001f6ce     0x1dcc src/main.o

.debug_abbrev   0x00000000     0x3872
 .debug_abbrev  0x00000000      0x3ad src/DebugConsole.o
 .debug_abbrev  0x000003ad      0x384 src/TimerTick.o
 .debug_abbrev  0x00000731      0x334 src/UserIO.o
 .debug_abbrev  0x00000a65      0x1b8 src/ASF/common2/boards/user_board/init.o
 .debug_abbrev  0x00000c1d       0xf6 src/ASF/common/utils/interrupt/interrupt_sam_nvic.o
 .debug_abbrev  0x00000d13      0x28a src/ASF/sam0/drivers/extint/extint_callback.o
 .debug_abbrev  0x00000f9d      0x3d6 src/ASF/sam0/drivers/extint/extint_sam_l_c/extint.o
 .debug_abbrev  0x00001373      0x1c5 src/ASF/sam0/drivers/port/port.o
 .debug_abbrev  0x00001538      0x2fd src/ASF/sam0/drivers/sercom/sercom.o
 .debug_abbrev  0x00001835      0x22c src/ASF/sam0/drivers/sercom/sercom_interrupt.o
 .debug_abbrev  0x00001a61      0x3c6 src/ASF/sam0/drivers/sercom/usart/usart.o
 .debug_abbrev  0x00001e27      0x37b src/ASF/sam0/drivers/sercom/usart/usart_interrupt.o
 .debug_abbrev  0x000021a2      0x31d src/ASF/sam0/drivers/system/clock/clock_samc20_c21/clock.o
 .debug_abbrev  0x000024bf      0x338 src/ASF/sam0/drivers/system/clock/clock_samc20_c21/gclk.o
 .debug_abbrev  0x000027f7      0x2b9 src/ASF/sam0/drivers/system/pinmux/pinmux.o
 .debug_abbrev  0x00002ab0       0xb9 src/ASF/sam0/drivers/system/system.o
 .debug_abbrev  0x00002b69      0x259 src/ASF/sam0/drivers/tc/tc_interrupt.o
 .debug_abbrev  0x00002dc2      0x384 src/ASF/sam0/drivers/tc/tc_sam_l_c/tc.o
 .debug_abbrev  0x00003146      0x12c src/ASF/sam0/utils/cmsis/samc21/source/gcc/startup_samc21.o
 .debug_abbrev  0x00003272      0x108 src/ASF/sam0/utils/stdio/read.o
 .debug_abbrev  0x0000337a       0xf5 src/ASF/sam0/utils/stdio/write.o
 .debug_abbrev  0x0000346f      0x141 src/ASF/sam0/utils/syscalls/gcc/syscalls.o
 .debug_abbrev  0x000035b0      0x2c2 src/main.o

.debug_loc      0x00000000     0x56e8
 .debug_loc     0x00000000      0x1be src/DebugConsole.o
 .debug_loc     0x000001be       0xb9 src/TimerTick.o
 .debug_loc     0x00000277       0xe8 src/UserIO.o
 .debug_loc     0x0000035f       0x1e src/ASF/common/utils/interrupt/interrupt_sam_nvic.o
 .debug_loc     0x0000037d      0x215 src/ASF/sam0/drivers/extint/extint_callback.o
 .debug_loc     0x00000592      0x4ae src/ASF/sam0/drivers/extint/extint_sam_l_c/extint.o
 .debug_loc     0x00000a40      0x16d src/ASF/sam0/drivers/port/port.o
 .debug_loc     0x00000bad      0x982 src/ASF/sam0/drivers/sercom/sercom.o
 .debug_loc     0x0000152f      0x16c src/ASF/sam0/drivers/sercom/sercom_interrupt.o
 .debug_loc     0x0000169b      0xd5d src/ASF/sam0/drivers/sercom/usart/usart.o
 .debug_loc     0x000023f8      0x589 src/ASF/sam0/drivers/sercom/usart/usart_interrupt.o
 .debug_loc     0x00002981      0xf1e src/ASF/sam0/drivers/system/clock/clock_samc20_c21/clock.o
 .debug_loc     0x0000389f      0x54a src/ASF/sam0/drivers/system/clock/clock_samc20_c21/gclk.o
 .debug_loc     0x00003de9      0x37a src/ASF/sam0/drivers/system/pinmux/pinmux.o
 .debug_loc     0x00004163       0x20 src/ASF/sam0/drivers/system/system.o
 .debug_loc     0x00004183      0x1bd src/ASF/sam0/drivers/tc/tc_interrupt.o
 .debug_loc     0x00004340      0xfdc src/ASF/sam0/drivers/tc/tc_sam_l_c/tc.o
 .debug_loc     0x0000531c       0x20 src/ASF/sam0/utils/cmsis/samc21/source/gcc/startup_samc21.o
 .debug_loc     0x0000533c      0x11d src/ASF/sam0/utils/stdio/read.o
 .debug_loc     0x00005459      0x152 src/ASF/sam0/utils/stdio/write.o
 .debug_loc     0x000055ab      0x11d src/ASF/sam0/utils/syscalls/gcc/syscalls.o
 .debug_loc     0x000056c8       0x20 src/main.o

.debug_aranges  0x00000000      0x5f0
 .debug_aranges
                0x00000000       0x30 src/DebugConsole.o
 .debug_aranges
                0x00000030       0x30 src/TimerTick.o
 .debug_aranges
                0x00000060       0x38 src/UserIO.o
 .debug_aranges
                0x00000098       0x20 src/ASF/common2/boards/user_board/init.o
 .debug_aranges
                0x000000b8       0x28 src/ASF/common/utils/interrupt/interrupt_sam_nvic.o
 .debug_aranges
                0x000000e0       0x48 src/ASF/sam0/drivers/extint/extint_callback.o
 .debug_aranges
                0x00000128       0x58 src/ASF/sam0/drivers/extint/extint_sam_l_c/extint.o
 .debug_aranges
                0x00000180       0x28 src/ASF/sam0/drivers/port/port.o
 .debug_aranges
                0x000001a8       0x40 src/ASF/sam0/drivers/sercom/sercom.o
 .debug_aranges
                0x000001e8       0x60 src/ASF/sam0/drivers/sercom/sercom_interrupt.o
 .debug_aranges
                0x00000248       0x40 src/ASF/sam0/drivers/sercom/usart/usart.o
 .debug_aranges
                0x00000288       0x70 src/ASF/sam0/drivers/sercom/usart/usart_interrupt.o
 .debug_aranges
                0x000002f8       0x78 src/ASF/sam0/drivers/system/clock/clock_samc20_c21/clock.o
 .debug_aranges
                0x00000370       0x80 src/ASF/sam0/drivers/system/clock/clock_samc20_c21/gclk.o
 .debug_aranges
                0x000003f0       0x40 src/ASF/sam0/drivers/system/pinmux/pinmux.o
 .debug_aranges
                0x00000430       0x28 src/ASF/sam0/drivers/system/system.o
 .debug_aranges
                0x00000458       0x58 src/ASF/sam0/drivers/tc/tc_interrupt.o
 .debug_aranges
                0x000004b0       0x58 src/ASF/sam0/drivers/tc/tc_sam_l_c/tc.o
 .debug_aranges
                0x00000508       0x28 src/ASF/sam0/utils/cmsis/samc21/source/gcc/startup_samc21.o
 .debug_aranges
                0x00000530       0x20 src/ASF/sam0/utils/stdio/read.o
 .debug_aranges
                0x00000550       0x20 src/ASF/sam0/utils/stdio/write.o
 .debug_aranges
                0x00000570       0x60 src/ASF/sam0/utils/syscalls/gcc/syscalls.o
 .debug_aranges
                0x000005d0       0x20 src/main.o

.debug_ranges   0x00000000      0x5d0
 .debug_ranges  0x00000000       0x20 src/DebugConsole.o
 .debug_ranges  0x00000020       0x20 src/TimerTick.o
 .debug_ranges  0x00000040       0x28 src/UserIO.o
 .debug_ranges  0x00000068       0x10 src/ASF/common2/boards/user_board/init.o
 .debug_ranges  0x00000078       0x18 src/ASF/common/utils/interrupt/interrupt_sam_nvic.o
 .debug_ranges  0x00000090       0x60 src/ASF/sam0/drivers/extint/extint_callback.o
 .debug_ranges  0x000000f0       0x60 src/ASF/sam0/drivers/extint/extint_sam_l_c/extint.o
 .debug_ranges  0x00000150       0x18 src/ASF/sam0/drivers/port/port.o
 .debug_ranges  0x00000168       0x48 src/ASF/sam0/drivers/sercom/sercom.o
 .debug_ranges  0x000001b0       0x50 src/ASF/sam0/drivers/sercom/sercom_interrupt.o
 .debug_ranges  0x00000200      0x128 src/ASF/sam0/drivers/sercom/usart/usart.o
 .debug_ranges  0x00000328       0x60 src/ASF/sam0/drivers/sercom/usart/usart_interrupt.o
 .debug_ranges  0x00000388       0x68 src/ASF/sam0/drivers/system/clock/clock_samc20_c21/clock.o
 .debug_ranges  0x000003f0       0x70 src/ASF/sam0/drivers/system/clock/clock_samc20_c21/gclk.o
 .debug_ranges  0x00000460       0x30 src/ASF/sam0/drivers/system/pinmux/pinmux.o
 .debug_ranges  0x00000490       0x18 src/ASF/sam0/drivers/system/system.o
 .debug_ranges  0x000004a8       0x48 src/ASF/sam0/drivers/tc/tc_interrupt.o
 .debug_ranges  0x000004f0       0x48 src/ASF/sam0/drivers/tc/tc_sam_l_c/tc.o
 .debug_ranges  0x00000538       0x18 src/ASF/sam0/utils/cmsis/samc21/source/gcc/startup_samc21.o
 .debug_ranges  0x00000550       0x10 src/ASF/sam0/utils/stdio/read.o
 .debug_ranges  0x00000560       0x10 src/ASF/sam0/utils/stdio/write.o
 .debug_ranges  0x00000570       0x50 src/ASF/sam0/utils/syscalls/gcc/syscalls.o
 .debug_ranges  0x000005c0       0x10 src/main.o

.debug_macro    0x00000000    0x20642
 .debug_macro   0x00000000      0x693 src/DebugConsole.o
 .debug_macro   0x00000693      0x850 src/DebugConsole.o
 .debug_macro   0x00000ee3      0x166 src/DebugConsole.o
 .debug_macro   0x00001049      0x644 src/DebugConsole.o
 .debug_macro   0x0000168d       0x22 src/DebugConsole.o
 .debug_macro   0x000016af       0x44 src/DebugConsole.o
 .debug_macro   0x000016f3       0x58 src/DebugConsole.o
 .debug_macro   0x0000174b       0x22 src/DebugConsole.o
 .debug_macro   0x0000176d      0x1df src/DebugConsole.o
 .debug_macro   0x0000194c       0x10 src/DebugConsole.o
 .debug_macro   0x0000195c       0x76 src/DebugConsole.o
 .debug_macro   0x000019d2       0x16 src/DebugConsole.o
 .debug_macro   0x000019e8      0x6e5 src/DebugConsole.o
 .debug_macro   0x000020cd      0xde2 src/DebugConsole.o
 .debug_macro   0x00002eaf       0x22 src/DebugConsole.o
 .debug_macro   0x00002ed1       0x40 src/DebugConsole.o
 .debug_macro   0x00002f11       0x3a src/DebugConsole.o
 .debug_macro   0x00002f4b       0x1f src/DebugConsole.o
 .debug_macro   0x00002f6a      0x376 src/DebugConsole.o
 .debug_macro   0x000032e0      0x897 src/DebugConsole.o
 .debug_macro   0x00003b77      0x8c8 src/DebugConsole.o
 .debug_macro   0x0000443f     0x2d61 src/DebugConsole.o
 .debug_macro   0x000071a0      0x226 src/DebugConsole.o
 .debug_macro   0x000073c6      0x289 src/DebugConsole.o
 .debug_macro   0x0000764f      0x13b src/DebugConsole.o
 .debug_macro   0x0000778a      0xc44 src/DebugConsole.o
 .debug_macro   0x000083ce      0x5f0 src/DebugConsole.o
 .debug_macro   0x000089be      0x5c3 src/DebugConsole.o
 .debug_macro   0x00008f81      0x832 src/DebugConsole.o
 .debug_macro   0x000097b3      0x175 src/DebugConsole.o
 .debug_macro   0x00009928      0x289 src/DebugConsole.o
 .debug_macro   0x00009bb1      0x55f src/DebugConsole.o
 .debug_macro   0x0000a110      0x43d src/DebugConsole.o
 .debug_macro   0x0000a54d      0x225 src/DebugConsole.o
 .debug_macro   0x0000a772      0x7aa src/DebugConsole.o
 .debug_macro   0x0000af1c      0x55a src/DebugConsole.o
 .debug_macro   0x0000b476      0x335 src/DebugConsole.o
 .debug_macro   0x0000b7ab      0x6ae src/DebugConsole.o
 .debug_macro   0x0000be59       0xc4 src/DebugConsole.o
 .debug_macro   0x0000bf1d      0x34c src/DebugConsole.o
 .debug_macro   0x0000c269       0x6a src/DebugConsole.o
 .debug_macro   0x0000c2d3     0x1216 src/DebugConsole.o
 .debug_macro   0x0000d4e9      0x5af src/DebugConsole.o
 .debug_macro   0x0000da98      0xfc5 src/DebugConsole.o
 .debug_macro   0x0000ea5d      0x5a1 src/DebugConsole.o
 .debug_macro   0x0000effe      0x3c5 src/DebugConsole.o
 .debug_macro   0x0000f3c3      0x8bc src/DebugConsole.o
 .debug_macro   0x0000fc7f     0x19cc src/DebugConsole.o
 .debug_macro   0x0001164b      0x3a3 src/DebugConsole.o
 .debug_macro   0x000119ee      0x378 src/DebugConsole.o
 .debug_macro   0x00011d66       0x94 src/DebugConsole.o
 .debug_macro   0x00011dfa       0xac src/DebugConsole.o
 .debug_macro   0x00011ea6       0xac src/DebugConsole.o
 .debug_macro   0x00011f52      0x157 src/DebugConsole.o
 .debug_macro   0x000120a9      0x157 src/DebugConsole.o
 .debug_macro   0x00012200       0x4c src/DebugConsole.o
 .debug_macro   0x0001224c       0x58 src/DebugConsole.o
 .debug_macro   0x000122a4       0x3a src/DebugConsole.o
 .debug_macro   0x000122de       0xd0 src/DebugConsole.o
 .debug_macro   0x000123ae       0xb8 src/DebugConsole.o
 .debug_macro   0x00012466       0x64 src/DebugConsole.o
 .debug_macro   0x000124ca      0x608 src/DebugConsole.o
 .debug_macro   0x00012ad2       0x46 src/DebugConsole.o
 .debug_macro   0x00012b18      0x1cc src/DebugConsole.o
 .debug_macro   0x00012ce4      0x192 src/DebugConsole.o
 .debug_macro   0x00012e76       0x52 src/DebugConsole.o
 .debug_macro   0x00012ec8       0xa0 src/DebugConsole.o
 .debug_macro   0x00012f68       0xdc src/DebugConsole.o
 .debug_macro   0x00013044       0x8e src/DebugConsole.o
 .debug_macro   0x000130d2       0x4c src/DebugConsole.o
 .debug_macro   0x0001311e       0x64 src/DebugConsole.o
 .debug_macro   0x00013182       0x22 src/DebugConsole.o
 .debug_macro   0x000131a4      0x178 src/DebugConsole.o
 .debug_macro   0x0001331c       0x16 src/DebugConsole.o
 .debug_macro   0x00013332       0xd6 src/DebugConsole.o
 .debug_macro   0x00013408       0xa0 src/DebugConsole.o
 .debug_macro   0x000134a8      0x13e src/DebugConsole.o
 .debug_macro   0x000135e6      0x13e src/DebugConsole.o
 .debug_macro   0x00013724      0x13e src/DebugConsole.o
 .debug_macro   0x00013862      0x13e src/DebugConsole.o
 .debug_macro   0x000139a0      0x13e src/DebugConsole.o
 .debug_macro   0x00013ade      0x13e src/DebugConsole.o
 .debug_macro   0x00013c1c       0x4c src/DebugConsole.o
 .debug_macro   0x00013c68      0x176 src/DebugConsole.o
 .debug_macro   0x00013dde       0xfa src/DebugConsole.o
 .debug_macro   0x00013ed8       0xfa src/DebugConsole.o
 .debug_macro   0x00013fd2       0xfa src/DebugConsole.o
 .debug_macro   0x000140cc       0xfa src/DebugConsole.o
 .debug_macro   0x000141c6       0xfa src/DebugConsole.o
 .debug_macro   0x000142c0      0x124 src/DebugConsole.o
 .debug_macro   0x000143e4       0xfa src/DebugConsole.o
 .debug_macro   0x000144de       0xee src/DebugConsole.o
 .debug_macro   0x000145cc       0x76 src/DebugConsole.o
 .debug_macro   0x00014642       0x3a src/DebugConsole.o
 .debug_macro   0x0001467c      0x487 src/DebugConsole.o
 .debug_macro   0x00014b03     0x268d src/DebugConsole.o
 .debug_macro   0x00017190       0x82 src/DebugConsole.o
 .debug_macro   0x00017212       0x58 src/DebugConsole.o
 .debug_macro   0x0001726a       0x35 src/DebugConsole.o
 .debug_macro   0x0001729f       0x9c src/DebugConsole.o
 .debug_macro   0x0001733b       0x16 src/DebugConsole.o
 .debug_macro   0x00017351       0x35 src/DebugConsole.o
 .debug_macro   0x00017386      0x29d src/DebugConsole.o
 .debug_macro   0x00017623       0x10 src/DebugConsole.o
 .debug_macro   0x00017633       0x52 src/DebugConsole.o
 .debug_macro   0x00017685       0x16 src/DebugConsole.o
 .debug_macro   0x0001769b       0x43 src/DebugConsole.o
 .debug_macro   0x000176de      0x180 src/DebugConsole.o
 .debug_macro   0x0001785e       0x10 src/DebugConsole.o
 .debug_macro   0x0001786e       0x22 src/DebugConsole.o
 .debug_macro   0x00017890       0xbe src/DebugConsole.o
 .debug_macro   0x0001794e       0x16 src/DebugConsole.o
 .debug_macro   0x00017964      0x197 src/DebugConsole.o
 .debug_macro   0x00017afb       0x16 src/DebugConsole.o
 .debug_macro   0x00017b11       0x16 src/DebugConsole.o
 .debug_macro   0x00017b27       0x29 src/DebugConsole.o
 .debug_macro   0x00017b50       0x51 src/DebugConsole.o
 .debug_macro   0x00017ba1       0x3f src/DebugConsole.o
 .debug_macro   0x00017be0      0x3df src/DebugConsole.o
 .debug_macro   0x00017fbf       0xd0 src/DebugConsole.o
 .debug_macro   0x0001808f       0x18 src/DebugConsole.o
 .debug_macro   0x000180a7       0x12 src/DebugConsole.o
 .debug_macro   0x000180b9      0x2aa src/DebugConsole.o
 .debug_macro   0x00018363       0x1f src/DebugConsole.o
 .debug_macro   0x00018382       0x2e src/DebugConsole.o
 .debug_macro   0x000183b0       0xb2 src/DebugConsole.o
 .debug_macro   0x00018462       0x10 src/DebugConsole.o
 .debug_macro   0x00018472       0x65 src/DebugConsole.o
 .debug_macro   0x000184d7       0xa4 src/DebugConsole.o
 .debug_macro   0x0001857b      0x693 src/TimerTick.o
 .debug_macro   0x00018c0e       0x10 src/TimerTick.o
 .debug_macro   0x00018c1e      0x692 src/UserIO.o
 .debug_macro   0x000192b0      0x689 src/ASF/common2/boards/user_board/init.o
 .debug_macro   0x00019939      0x54a src/ASF/common/utils/interrupt/interrupt_sam_nvic.o
 .debug_macro   0x00019e83      0x56f src/ASF/sam0/drivers/extint/extint_callback.o
 .debug_macro   0x0001a3f2      0x5cf src/ASF/sam0/drivers/extint/extint_sam_l_c/extint.o
 .debug_macro   0x0001a9c1       0x18 src/ASF/sam0/drivers/extint/extint_sam_l_c/extint.o
 .debug_macro   0x0001a9d9       0x16 src/ASF/sam0/drivers/extint/extint_sam_l_c/extint.o
 .debug_macro   0x0001a9ef      0x564 src/ASF/sam0/drivers/port/port.o
 .debug_macro   0x0001af53       0x19 src/ASF/sam0/drivers/port/port.o
 .debug_macro   0x0001af6c      0x5dc src/ASF/sam0/drivers/sercom/sercom.o
 .debug_macro   0x0001b548      0x5da src/ASF/sam0/drivers/sercom/sercom_interrupt.o
 .debug_macro   0x0001bb22      0x5f0 src/ASF/sam0/drivers/sercom/usart/usart.o
 .debug_macro   0x0001c112       0x5f src/ASF/sam0/drivers/sercom/usart/usart.o
 .debug_macro   0x0001c171      0x5f0 src/ASF/sam0/drivers/sercom/usart/usart_interrupt.o
 .debug_macro   0x0001c761      0x5b2 src/ASF/sam0/drivers/system/clock/clock_samc20_c21/clock.o
 .debug_macro   0x0001cd13      0x266 src/ASF/sam0/drivers/system/clock/clock_samc20_c21/clock.o
 .debug_macro   0x0001cf79      0x581 src/ASF/sam0/drivers/system/clock/clock_samc20_c21/gclk.o
 .debug_macro   0x0001d4fa      0x55a src/ASF/sam0/drivers/system/pinmux/pinmux.o
 .debug_macro   0x0001da54       0x12 src/ASF/sam0/drivers/system/pinmux/pinmux.o
 .debug_macro   0x0001da66      0x58f src/ASF/sam0/drivers/system/system.o
 .debug_macro   0x0001dff5      0x5b9 src/ASF/sam0/drivers/tc/tc_interrupt.o
 .debug_macro   0x0001e5ae       0x3c src/ASF/sam0/drivers/tc/tc_interrupt.o
 .debug_macro   0x0001e5ea       0x66 src/ASF/sam0/drivers/tc/tc_interrupt.o
 .debug_macro   0x0001e650      0x5b6 src/ASF/sam0/drivers/tc/tc_sam_l_c/tc.o
 .debug_macro   0x0001ec06      0x39e src/ASF/sam0/utils/cmsis/samc21/source/gcc/startup_samc21.o
 .debug_macro   0x0001efa4       0x3a src/ASF/sam0/utils/cmsis/samc21/source/gcc/startup_samc21.o
 .debug_macro   0x0001efde      0x54a src/ASF/sam0/utils/stdio/read.o
 .debug_macro   0x0001f528      0x54a src/ASF/sam0/utils/stdio/write.o
 .debug_macro   0x0001fa72      0x169 src/ASF/sam0/utils/syscalls/gcc/syscalls.o
 .debug_macro   0x0001fbdb       0x4a src/ASF/sam0/utils/syscalls/gcc/syscalls.o
 .debug_macro   0x0001fc25       0x97 src/ASF/sam0/utils/syscalls/gcc/syscalls.o
 .debug_macro   0x0001fcbc       0xef src/ASF/sam0/utils/syscalls/gcc/syscalls.o
 .debug_macro   0x0001fdab       0x52 src/ASF/sam0/utils/syscalls/gcc/syscalls.o
 .debug_macro   0x0001fdfd       0x16 src/ASF/sam0/utils/syscalls/gcc/syscalls.o
 .debug_macro   0x0001fe13       0x10 src/ASF/sam0/utils/syscalls/gcc/syscalls.o
 .debug_macro   0x0001fe23       0x10 src/ASF/sam0/utils/syscalls/gcc/syscalls.o
 .debug_macro   0x0001fe33       0x10 src/ASF/sam0/utils/syscalls/gcc/syscalls.o
 .debug_macro   0x0001fe43       0x35 src/ASF/sam0/utils/syscalls/gcc/syscalls.o
 .debug_macro   0x0001fe78      0x122 src/ASF/sam0/utils/syscalls/gcc/syscalls.o
 .debug_macro   0x0001ff9a      0x6a8 src/main.o

.debug_line     0x00000000    0x10040
 .debug_line    0x00000000      0xdcb src/DebugConsole.o
 .debug_line    0x00000dcb      0xda9 src/TimerTick.o
 .debug_line    0x00001b74      0xd95 src/UserIO.o
 .debug_line    0x00002909      0xd1e src/ASF/common2/boards/user_board/init.o
 .debug_line    0x00003627      0x91b src/ASF/common/utils/interrupt/interrupt_sam_nvic.o
 .debug_line    0x00003f42      0xa10 src/ASF/sam0/drivers/extint/extint_callback.o
 .debug_line    0x00004952      0xc8e src/ASF/sam0/drivers/extint/extint_sam_l_c/extint.o
 .debug_line    0x000055e0      0x947 src/ASF/sam0/drivers/port/port.o
 .debug_line    0x00005f27      0xc11 src/ASF/sam0/drivers/sercom/sercom.o
 .debug_line    0x00006b38      0xbb9 src/ASF/sam0/drivers/sercom/sercom_interrupt.o
 .debug_line    0x000076f1      0xd63 src/ASF/sam0/drivers/sercom/usart/usart.o
 .debug_line    0x00008454      0xcd8 src/ASF/sam0/drivers/sercom/usart/usart_interrupt.o
 .debug_line    0x0000912c      0xc41 src/ASF/sam0/drivers/system/clock/clock_samc20_c21/clock.o
 .debug_line    0x00009d6d      0xc4f src/ASF/sam0/drivers/system/clock/clock_samc20_c21/gclk.o
 .debug_line    0x0000a9bc      0x98d src/ASF/sam0/drivers/system/pinmux/pinmux.o
 .debug_line    0x0000b349      0xa2f src/ASF/sam0/drivers/system/system.o
 .debug_line    0x0000bd78      0xae6 src/ASF/sam0/drivers/tc/tc_interrupt.o
 .debug_line    0x0000c85e      0xde2 src/ASF/sam0/drivers/tc/tc_sam_l_c/tc.o
 .debug_line    0x0000d640      0x70f src/ASF/sam0/utils/cmsis/samc21/source/gcc/startup_samc21.o
 .debug_line    0x0000dd4f      0x8fd src/ASF/sam0/utils/stdio/read.o
 .debug_line    0x0000e64c      0x8ee src/ASF/sam0/utils/stdio/write.o
 .debug_line    0x0000ef3a      0x398 src/ASF/sam0/utils/syscalls/gcc/syscalls.o
 .debug_line    0x0000f2d2      0xd6e src/main.o

.debug_str      0x00000000    0x9c96a
 .debug_str     0x00000000    0x96ac0 src/DebugConsole.o
                              0x9774b (size before relaxing)
 .debug_str     0x00096ac0      0x82a src/TimerTick.o
                              0x96953 (size before relaxing)
 .debug_str     0x000972ea      0x51f src/UserIO.o
                              0x9637a (size before relaxing)
 .debug_str     0x00097809       0x3e src/ASF/common2/boards/user_board/init.o
                              0x95a1a (size before relaxing)
 .debug_str     0x00097847       0x94 src/ASF/common/utils/interrupt/interrupt_sam_nvic.o
                              0x93cf0 (size before relaxing)
 .debug_str     0x000978db      0x2cb src/ASF/sam0/drivers/extint/extint_callback.o
                              0x9436c (size before relaxing)
 .debug_str     0x00097ba6      0x5e9 src/ASF/sam0/drivers/extint/extint_sam_l_c/extint.o
                              0x95366 (size before relaxing)
 .debug_str     0x0009818f       0x53 src/ASF/sam0/drivers/port/port.o
                              0x94158 (size before relaxing)
 .debug_str     0x000981e2      0x3af src/ASF/sam0/drivers/sercom/sercom.o
                              0x95411 (size before relaxing)
 .debug_str     0x00098591      0x1aa src/ASF/sam0/drivers/sercom/sercom_interrupt.o
                              0x9531a (size before relaxing)
 .debug_str     0x0009873b      0x405 src/ASF/sam0/drivers/sercom/usart/usart.o
                              0x96377 (size before relaxing)
 .debug_str     0x00098b40      0x1da src/ASF/sam0/drivers/sercom/usart/usart_interrupt.o
                              0x953cf (size before relaxing)
 .debug_str     0x00098d1a     0x296e src/ASF/sam0/drivers/system/clock/clock_samc20_c21/clock.o
                              0x96edf (size before relaxing)
 .debug_str     0x0009b688      0x23a src/ASF/sam0/drivers/system/clock/clock_samc20_c21/gclk.o
                              0x94860 (size before relaxing)
 .debug_str     0x0009b8c2      0x1b5 src/ASF/sam0/drivers/system/pinmux/pinmux.o
                              0x941f0 (size before relaxing)
 .debug_str     0x0009ba77       0x47 src/ASF/sam0/drivers/system/system.o
                              0x93d80 (size before relaxing)
 .debug_str     0x0009babe       0xf3 src/ASF/sam0/drivers/tc/tc_interrupt.o
                              0x94c96 (size before relaxing)
 .debug_str     0x0009bbb1      0x130 src/ASF/sam0/drivers/tc/tc_sam_l_c/tc.o
                              0x95354 (size before relaxing)
 .debug_str     0x0009bce1      0x3d2 src/ASF/sam0/utils/cmsis/samc21/source/gcc/startup_samc21.o
                              0x7fad8 (size before relaxing)
 .debug_str     0x0009c0b3       0x2a src/ASF/sam0/utils/stdio/read.o
                              0x93c9d (size before relaxing)
 .debug_str     0x0009c0dd       0x24 src/ASF/sam0/utils/stdio/write.o
                              0x93c9f (size before relaxing)
 .debug_str     0x0009c101      0x837 src/ASF/sam0/utils/syscalls/gcc/syscalls.o
                               0x5ffd (size before relaxing)
 .debug_str     0x0009c938       0x32 src/main.o
                              0x962c7 (size before relaxing)

.debug_frame    0x00000000     0x1370
 .debug_frame   0x00000000       0x6c src/DebugConsole.o
 .debug_frame   0x0000006c       0x5c src/TimerTick.o
 .debug_frame   0x000000c8       0x6c src/UserIO.o
 .debug_frame   0x00000134       0x20 src/ASF/common2/boards/user_board/init.o
 .debug_frame   0x00000154       0x30 src/ASF/common/utils/interrupt/interrupt_sam_nvic.o
 .debug_frame   0x00000184       0x7c src/ASF/sam0/drivers/extint/extint_callback.o
 .debug_frame   0x00000200       0xc8 src/ASF/sam0/drivers/extint/extint_sam_l_c/extint.o
 .debug_frame   0x000002c8       0x44 src/ASF/sam0/drivers/port/port.o
 .debug_frame   0x0000030c       0x9c src/ASF/sam0/drivers/sercom/sercom.o
 .debug_frame   0x000003a8       0xec src/ASF/sam0/drivers/sercom/sercom_interrupt.o
 .debug_frame   0x00000494       0xbc src/ASF/sam0/drivers/sercom/usart/usart.o
 .debug_frame   0x00000550      0x110 src/ASF/sam0/drivers/sercom/usart/usart_interrupt.o
 .debug_frame   0x00000660      0x154 src/ASF/sam0/drivers/system/clock/clock_samc20_c21/clock.o
 .debug_frame   0x000007b4      0x150 src/ASF/sam0/drivers/system/clock/clock_samc20_c21/gclk.o
 .debug_frame   0x00000904       0x98 src/ASF/sam0/drivers/system/pinmux/pinmux.o
 .debug_frame   0x0000099c       0x38 src/ASF/sam0/drivers/system/system.o
 .debug_frame   0x000009d4       0xc4 src/ASF/sam0/drivers/tc/tc_interrupt.o
 .debug_frame   0x00000a98       0xbc src/ASF/sam0/drivers/tc/tc_sam_l_c/tc.o
 .debug_frame   0x00000b54       0x38 src/ASF/sam0/utils/cmsis/samc21/source/gcc/startup_samc21.o
 .debug_frame   0x00000b8c       0x34 src/ASF/sam0/utils/stdio/read.o
 .debug_frame   0x00000bc0       0x34 src/ASF/sam0/utils/stdio/write.o
 .debug_frame   0x00000bf4       0xa8 src/ASF/sam0/utils/syscalls/gcc/syscalls.o
 .debug_frame   0x00000c9c       0x28 src/main.o
 .debug_frame   0x00000cc4       0x20 c:/program files (x86)/atmel/studio/7.0/toolchain/arm/arm-gnu-toolchain/bin/../lib/gcc/arm-none-eabi/4.9.3/armv6-m\libgcc.a(_udivsi3.o)
 .debug_frame   0x00000ce4       0x34 c:/program files (x86)/atmel/studio/7.0/toolchain/arm/arm-gnu-toolchain/bin/../lib/gcc/arm-none-eabi/4.9.3/armv6-m\libgcc.a(_muldi3.o)
 .debug_frame   0x00000d18       0x2c c:/program files (x86)/atmel/studio/7.0/toolchain/arm/arm-gnu-toolchain/bin/../lib/gcc/arm-none-eabi/4.9.3/../../../../arm-none-eabi/lib/armv6-m\libc_nano.a(lib_a-init.o)
 .debug_frame   0x00000d44       0x28 c:/program files (x86)/atmel/studio/7.0/toolchain/arm/arm-gnu-toolchain/bin/../lib/gcc/arm-none-eabi/4.9.3/../../../../arm-none-eabi/lib/armv6-m\libc_nano.a(lib_a-memcpy.o)
 .debug_frame   0x00000d6c       0x20 c:/program files (x86)/atmel/studio/7.0/toolchain/arm/arm-gnu-toolchain/bin/../lib/gcc/arm-none-eabi/4.9.3/../../../../arm-none-eabi/lib/armv6-m\libc_nano.a(lib_a-memset.o)
 .debug_frame   0x00000d8c       0x44 c:/program files (x86)/atmel/studio/7.0/toolchain/arm/arm-gnu-toolchain/bin/../lib/gcc/arm-none-eabi/4.9.3/../../../../arm-none-eabi/lib/armv6-m\libc_nano.a(lib_a-puts.o)
 .debug_frame   0x00000dd0       0x28 c:/program files (x86)/atmel/studio/7.0/toolchain/arm/arm-gnu-toolchain/bin/../lib/gcc/arm-none-eabi/4.9.3/../../../../arm-none-eabi/lib/armv6-m\libc_nano.a(lib_a-setbuf.o)
 .debug_frame   0x00000df8       0x34 c:/program files (x86)/atmel/studio/7.0/toolchain/arm/arm-gnu-toolchain/bin/../lib/gcc/arm-none-eabi/4.9.3/../../../../arm-none-eabi/lib/armv6-m\libc_nano.a(lib_a-setvbuf.o)
 .debug_frame   0x00000e2c       0x44 c:/program files (x86)/atmel/studio/7.0/toolchain/arm/arm-gnu-toolchain/bin/../lib/gcc/arm-none-eabi/4.9.3/../../../../arm-none-eabi/lib/armv6-m\libc_nano.a(lib_a-wbuf.o)
 .debug_frame   0x00000e70       0x2c c:/program files (x86)/atmel/studio/7.0/toolchain/arm/arm-gnu-toolchain/bin/../lib/gcc/arm-none-eabi/4.9.3/../../../../arm-none-eabi/lib/armv6-m\libc_nano.a(lib_a-wsetup.o)
 .debug_frame   0x00000e9c       0x68 c:/program files (x86)/atmel/studio/7.0/toolchain/arm/arm-gnu-toolchain/bin/../lib/gcc/arm-none-eabi/4.9.3/../../../../arm-none-eabi/lib/armv6-m\libc_nano.a(lib_a-fflush.o)
 .debug_frame   0x00000f04      0x140 c:/program files (x86)/atmel/studio/7.0/toolchain/arm/arm-gnu-toolchain/bin/../lib/gcc/arm-none-eabi/4.9.3/../../../../arm-none-eabi/lib/armv6-m\libc_nano.a(lib_a-findfp.o)
 .debug_frame   0x00001044       0x58 c:/program files (x86)/atmel/studio/7.0/toolchain/arm/arm-gnu-toolchain/bin/../lib/gcc/arm-none-eabi/4.9.3/../../../../arm-none-eabi/lib/armv6-m\libc_nano.a(lib_a-fwalk.o)
 .debug_frame   0x0000109c       0x30 c:/program files (x86)/atmel/studio/7.0/toolchain/arm/arm-gnu-toolchain/bin/../lib/gcc/arm-none-eabi/4.9.3/../../../../arm-none-eabi/lib/armv6-m\libc_nano.a(lib_a-makebuf.o)
 .debug_frame   0x000010cc       0x40 c:/program files (x86)/atmel/studio/7.0/toolchain/arm/arm-gnu-toolchain/bin/../lib/gcc/arm-none-eabi/4.9.3/../../../../arm-none-eabi/lib/armv6-m\libc_nano.a(lib_a-malloc.o)
 .debug_frame   0x0000110c       0x2c c:/program files (x86)/atmel/studio/7.0/toolchain/arm/arm-gnu-toolchain/bin/../lib/gcc/arm-none-eabi/4.9.3/../../../../arm-none-eabi/lib/armv6-m\libc_nano.a(lib_a-nano-freer.o)
 .debug_frame   0x00001138       0x2c c:/program files (x86)/atmel/studio/7.0/toolchain/arm/arm-gnu-toolchain/bin/../lib/gcc/arm-none-eabi/4.9.3/../../../../arm-none-eabi/lib/armv6-m\libc_nano.a(lib_a-nano-mallocr.o)
 .debug_frame   0x00001164       0x2c c:/program files (x86)/atmel/studio/7.0/toolchain/arm/arm-gnu-toolchain/bin/../lib/gcc/arm-none-eabi/4.9.3/../../../../arm-none-eabi/lib/armv6-m\libc_nano.a(lib_a-sbrkr.o)
 .debug_frame   0x00001190       0x90 c:/program files (x86)/atmel/studio/7.0/toolchain/arm/arm-gnu-toolchain/bin/../lib/gcc/arm-none-eabi/4.9.3/../../../../arm-none-eabi/lib/armv6-m\libc_nano.a(lib_a-stdio.o)
 .debug_frame   0x00001220       0x2c c:/program files (x86)/atmel/studio/7.0/toolchain/arm/arm-gnu-toolchain/bin/../lib/gcc/arm-none-eabi/4.9.3/../../../../arm-none-eabi/lib/armv6-m\libc_nano.a(lib_a-writer.o)
 .debug_frame   0x0000124c       0x2c c:/program files (x86)/atmel/studio/7.0/toolchain/arm/arm-gnu-toolchain/bin/../lib/gcc/arm-none-eabi/4.9.3/../../../../arm-none-eabi/lib/armv6-m\libc_nano.a(lib_a-closer.o)
 .debug_frame   0x00001278       0x2c c:/program files (x86)/atmel/studio/7.0/toolchain/arm/arm-gnu-toolchain/bin/../lib/gcc/arm-none-eabi/4.9.3/../../../../arm-none-eabi/lib/armv6-m\libc_nano.a(lib_a-fstatr.o)
 .debug_frame   0x000012a4       0x2c c:/program files (x86)/atmel/studio/7.0/toolchain/arm/arm-gnu-toolchain/bin/../lib/gcc/arm-none-eabi/4.9.3/../../../../arm-none-eabi/lib/armv6-m\libc_nano.a(lib_a-isattyr.o)
 .debug_frame   0x000012d0       0x2c c:/program files (x86)/atmel/studio/7.0/toolchain/arm/arm-gnu-toolchain/bin/../lib/gcc/arm-none-eabi/4.9.3/../../../../arm-none-eabi/lib/armv6-m\libc_nano.a(lib_a-lseekr.o)
 .debug_frame   0x000012fc       0x2c c:/program files (x86)/atmel/studio/7.0/toolchain/arm/arm-gnu-toolchain/bin/../lib/gcc/arm-none-eabi/4.9.3/../../../../arm-none-eabi/lib/armv6-m\libc_nano.a(lib_a-readr.o)
 .debug_frame   0x00001328       0x48 c:/program files (x86)/atmel/studio/7.0/toolchain/arm/arm-gnu-toolchain/bin/../lib/gcc/arm-none-eabi/4.9.3/../../../../arm-none-eabi/lib/armv6-m\libc_nano.a(lib_a-reent.o)

Cross Reference Table

Symbol                                            File
AC_Handler                                        src/ASF/sam0/utils/cmsis/samc21/source/gcc/startup_samc21.o
ADC0_Handler                                      src/ASF/sam0/utils/cmsis/samc21/source/gcc/startup_samc21.o
ADC1_Handler                                      src/ASF/sam0/utils/cmsis/samc21/source/gcc/startup_samc21.o
CAN0_Handler                                      src/ASF/sam0/utils/cmsis/samc21/source/gcc/startup_samc21.o
CAN1_Handler                                      src/ASF/sam0/utils/cmsis/samc21/source/gcc/startup_samc21.o
DAC_Handler                                       src/ASF/sam0/utils/cmsis/samc21/source/gcc/startup_samc21.o
DMAC_Handler                                      src/ASF/sam0/utils/cmsis/samc21/source/gcc/startup_samc21.o
Dummy_Handler                                     src/ASF/sam0/utils/cmsis/samc21/source/gcc/startup_samc21.o
EIC_Handler                                       src/ASF/sam0/drivers/extint/extint_callback.o
EVSYS_Handler                                     src/ASF/sam0/utils/cmsis/samc21/source/gcc/startup_samc21.o
FREQM_Handler                                     src/ASF/sam0/utils/cmsis/samc21/source/gcc/startup_samc21.o
HardFault_Handler                                 src/ASF/sam0/utils/cmsis/samc21/source/gcc/startup_samc21.o
NMI_Handler                                       src/ASF/sam0/utils/cmsis/samc21/source/gcc/startup_samc21.o
NVMCTRL_Handler                                   src/ASF/sam0/utils/cmsis/samc21/source/gcc/startup_samc21.o
PTC_Handler                                       src/ASF/sam0/utils/cmsis/samc21/source/gcc/startup_samc21.o
PendSV_Handler                                    src/ASF/sam0/utils/cmsis/samc21/source/gcc/startup_samc21.o
RTC_Handler                                       src/ASF/sam0/utils/cmsis/samc21/source/gcc/startup_samc21.o
Reset_Handler                                     src/ASF/sam0/utils/cmsis/samc21/source/gcc/startup_samc21.o
SDADC_Handler                                     src/ASF/sam0/utils/cmsis/samc21/source/gcc/startup_samc21.o
SERCOM0_Handler                                   src/ASF/sam0/drivers/sercom/sercom_interrupt.o
SERCOM1_Handler                                   src/ASF/sam0/drivers/sercom/sercom_interrupt.o
SERCOM2_Handler                                   src/ASF/sam0/drivers/sercom/sercom_interrupt.o
SERCOM3_Handler                                   src/ASF/sam0/drivers/sercom/sercom_interrupt.o
SERCOM4_Handler                                   src/ASF/sam0/drivers/sercom/sercom_interrupt.o
SERCOM5_Handler                                   src/ASF/sam0/drivers/sercom/sercom_interrupt.o
SVC_Handler                                       src/ASF/sam0/utils/cmsis/samc21/source/gcc/startup_samc21.o
SYSTEM_Handler                                    src/ASF/sam0/utils/cmsis/samc21/source/gcc/startup_samc21.o
SysTick_Handler                                   src/ASF/sam0/utils/cmsis/samc21/source/gcc/startup_samc21.o
SystemCoreClock                                   src/ASF/sam0/utils/cmsis/samc21/source/system_samc21.o
SystemCoreClockUpdate                             src/ASF/sam0/utils/cmsis/samc21/source/system_samc21.o
SystemInit                                        src/ASF/sam0/utils/cmsis/samc21/source/system_samc21.o
TC0_Handler                                       src/ASF/sam0/drivers/tc/tc_interrupt.o
TC1_Handler                                       src/ASF/sam0/drivers/tc/tc_interrupt.o
TC2_Handler                                       src/ASF/sam0/drivers/tc/tc_interrupt.o
TC3_Handler                                       src/ASF/sam0/drivers/tc/tc_interrupt.o
TC4_Handler                                       src/ASF/sam0/drivers/tc/tc_interrupt.o
TCC0_Handler                                      src/ASF/sam0/utils/cmsis/samc21/source/gcc/startup_samc21.o
TCC1_Handler                                      src/ASF/sam0/utils/cmsis/samc21/source/gcc/startup_samc21.o
TCC2_Handler                                      src/ASF/sam0/utils/cmsis/samc21/source/gcc/startup_samc21.o
TSENS_Handler                                     src/ASF/sam0/utils/cmsis/samc21/source/gcc/startup_samc21.o
WDT_Handler                                       src/ASF/sam0/utils/cmsis/samc21/source/gcc/startup_samc21.o
_Jv_RegisterClasses                               c:/program files (x86)/atmel/studio/7.0/toolchain/arm/arm-gnu-toolchain/bin/../lib/gcc/arm-none-eabi/4.9.3/armv6-m/crtbegin.o
__aeabi_idiv                                      c:/program files (x86)/atmel/studio/7.0/toolchain/arm/arm-gnu-toolchain/bin/../lib/gcc/arm-none-eabi/4.9.3/armv6-m\libgcc.a(_divsi3.o)
                                                  c:/program files (x86)/atmel/studio/7.0/toolchain/arm/arm-gnu-toolchain/bin/../lib/gcc/arm-none-eabi/4.9.3/../../../../arm-none-eabi/lib/armv6-m\libc_nano.a(lib_a-fvwrite.o)
__aeabi_idiv0                                     c:/program files (x86)/atmel/studio/7.0/toolchain/arm/arm-gnu-toolchain/bin/../lib/gcc/arm-none-eabi/4.9.3/armv6-m\libgcc.a(_dvmd_tls.o)
                                                  c:/program files (x86)/atmel/studio/7.0/toolchain/arm/arm-gnu-toolchain/bin/../lib/gcc/arm-none-eabi/4.9.3/armv6-m\libgcc.a(_divsi3.o)
                                                  c:/program files (x86)/atmel/studio/7.0/toolchain/arm/arm-gnu-toolchain/bin/../lib/gcc/arm-none-eabi/4.9.3/armv6-m\libgcc.a(_udivsi3.o)
__aeabi_idivmod                                   c:/program files (x86)/atmel/studio/7.0/toolchain/arm/arm-gnu-toolchain/bin/../lib/gcc/arm-none-eabi/4.9.3/armv6-m\libgcc.a(_divsi3.o)
__aeabi_ldiv0                                     c:/program files (x86)/atmel/studio/7.0/toolchain/arm/arm-gnu-toolchain/bin/../lib/gcc/arm-none-eabi/4.9.3/armv6-m\libgcc.a(_dvmd_tls.o)
__aeabi_lmul                                      c:/program files (x86)/atmel/studio/7.0/toolchain/arm/arm-gnu-toolchain/bin/../lib/gcc/arm-none-eabi/4.9.3/armv6-m\libgcc.a(_muldi3.o)
                                                  src/ASF/sam0/drivers/sercom/sercom.o
__aeabi_uidiv                                     c:/program files (x86)/atmel/studio/7.0/toolchain/arm/arm-gnu-toolchain/bin/../lib/gcc/arm-none-eabi/4.9.3/armv6-m\libgcc.a(_udivsi3.o)
                                                  c:/program files (x86)/atmel/studio/7.0/toolchain/arm/arm-gnu-toolchain/bin/../lib/gcc/arm-none-eabi/4.9.3/../../../../arm-none-eabi/lib/armv6-m\libc_nano.a(lib_a-nano-vfprintf_i.o)
                                                  src/ASF/sam0/drivers/system/clock/clock_samc20_c21/gclk.o
                                                  src/ASF/sam0/drivers/system/clock/clock_samc20_c21/clock.o
__aeabi_uidivmod                                  c:/program files (x86)/atmel/studio/7.0/toolchain/arm/arm-gnu-toolchain/bin/../lib/gcc/arm-none-eabi/4.9.3/armv6-m\libgcc.a(_udivsi3.o)
                                                  c:/program files (x86)/atmel/studio/7.0/toolchain/arm/arm-gnu-toolchain/bin/../lib/gcc/arm-none-eabi/4.9.3/../../../../arm-none-eabi/lib/armv6-m\libc_nano.a(lib_a-nano-vfprintf_i.o)
                                                  src/TimerTick.o
__bss_end__                                       c:/program files (x86)/atmel/studio/7.0/toolchain/arm/arm-gnu-toolchain/bin/../lib/gcc/arm-none-eabi/4.9.3/../../../../arm-none-eabi/lib/armv6-m/crt0.o
__bss_start__                                     c:/program files (x86)/atmel/studio/7.0/toolchain/arm/arm-gnu-toolchain/bin/../lib/gcc/arm-none-eabi/4.9.3/../../../../arm-none-eabi/lib/armv6-m/crt0.o
__call_exitprocs                                  c:/program files (x86)/atmel/studio/7.0/toolchain/arm/arm-gnu-toolchain/bin/../lib/gcc/arm-none-eabi/4.9.3/../../../../arm-none-eabi/lib/armv6-m\libc_nano.a(lib_a-exit.o)
__deregister_frame_info                           c:/program files (x86)/atmel/studio/7.0/toolchain/arm/arm-gnu-toolchain/bin/../lib/gcc/arm-none-eabi/4.9.3/armv6-m/crtbegin.o
__divsi3                                          c:/program files (x86)/atmel/studio/7.0/toolchain/arm/arm-gnu-toolchain/bin/../lib/gcc/arm-none-eabi/4.9.3/armv6-m\libgcc.a(_divsi3.o)
__dso_handle                                      c:/program files (x86)/atmel/studio/7.0/toolchain/arm/arm-gnu-toolchain/bin/../lib/gcc/arm-none-eabi/4.9.3/armv6-m/crtbegin.o
__fp_lock_all                                     c:/program files (x86)/atmel/studio/7.0/toolchain/arm/arm-gnu-toolchain/bin/../lib/gcc/arm-none-eabi/4.9.3/../../../../arm-none-eabi/lib/armv6-m\libc_nano.a(lib_a-findfp.o)
__fp_unlock_all                                   c:/program files (x86)/atmel/studio/7.0/toolchain/arm/arm-gnu-toolchain/bin/../lib/gcc/arm-none-eabi/4.9.3/../../../../arm-none-eabi/lib/armv6-m\libc_nano.a(lib_a-findfp.o)
__init_array_end                                  c:/program files (x86)/atmel/studio/7.0/toolchain/arm/arm-gnu-toolchain/bin/../lib/gcc/arm-none-eabi/4.9.3/../../../../arm-none-eabi/lib/armv6-m\libc_nano.a(lib_a-init.o)
__init_array_start                                c:/program files (x86)/atmel/studio/7.0/toolchain/arm/arm-gnu-toolchain/bin/../lib/gcc/arm-none-eabi/4.9.3/../../../../arm-none-eabi/lib/armv6-m\libc_nano.a(lib_a-init.o)
__libc_fini_array                                 c:/program files (x86)/atmel/studio/7.0/toolchain/arm/arm-gnu-toolchain/bin/../lib/gcc/arm-none-eabi/4.9.3/../../../../arm-none-eabi/lib/armv6-m/crt0.o
__libc_init_array                                 c:/program files (x86)/atmel/studio/7.0/toolchain/arm/arm-gnu-toolchain/bin/../lib/gcc/arm-none-eabi/4.9.3/../../../../arm-none-eabi/lib/armv6-m\libc_nano.a(lib_a-init.o)
                                                  src/ASF/sam0/utils/cmsis/samc21/source/gcc/startup_samc21.o
                                                  c:/program files (x86)/atmel/studio/7.0/toolchain/arm/arm-gnu-toolchain/bin/../lib/gcc/arm-none-eabi/4.9.3/../../../../arm-none-eabi/lib/armv6-m/crt0.o
__malloc_free_list                                c:/program files (x86)/atmel/studio/7.0/toolchain/arm/arm-gnu-toolchain/bin/../lib/gcc/arm-none-eabi/4.9.3/../../../../arm-none-eabi/lib/armv6-m\libc_nano.a(lib_a-nano-mallocr.o)
                                                  c:/program files (x86)/atmel/studio/7.0/toolchain/arm/arm-gnu-toolchain/bin/../lib/gcc/arm-none-eabi/4.9.3/../../../../arm-none-eabi/lib/armv6-m\libc_nano.a(lib_a-nano-freer.o)
__malloc_sbrk_start                               c:/program files (x86)/atmel/studio/7.0/toolchain/arm/arm-gnu-toolchain/bin/../lib/gcc/arm-none-eabi/4.9.3/../../../../arm-none-eabi/lib/armv6-m\libc_nano.a(lib_a-nano-mallocr.o)
__muldi3                                          c:/program files (x86)/atmel/studio/7.0/toolchain/arm/arm-gnu-toolchain/bin/../lib/gcc/arm-none-eabi/4.9.3/armv6-m\libgcc.a(_muldi3.o)
__preinit_array_end                               c:/program files (x86)/atmel/studio/7.0/toolchain/arm/arm-gnu-toolchain/bin/../lib/gcc/arm-none-eabi/4.9.3/../../../../arm-none-eabi/lib/armv6-m\libc_nano.a(lib_a-init.o)
__preinit_array_start                             c:/program files (x86)/atmel/studio/7.0/toolchain/arm/arm-gnu-toolchain/bin/../lib/gcc/arm-none-eabi/4.9.3/../../../../arm-none-eabi/lib/armv6-m\libc_nano.a(lib_a-init.o)
__register_frame_info                             c:/program files (x86)/atmel/studio/7.0/toolchain/arm/arm-gnu-toolchain/bin/../lib/gcc/arm-none-eabi/4.9.3/armv6-m/crtbegin.o
__sclose                                          c:/program files (x86)/atmel/studio/7.0/toolchain/arm/arm-gnu-toolchain/bin/../lib/gcc/arm-none-eabi/4.9.3/../../../../arm-none-eabi/lib/armv6-m\libc_nano.a(lib_a-stdio.o)
                                                  c:/program files (x86)/atmel/studio/7.0/toolchain/arm/arm-gnu-toolchain/bin/../lib/gcc/arm-none-eabi/4.9.3/../../../../arm-none-eabi/lib/armv6-m\libc_nano.a(lib_a-findfp.o)
__seofread                                        c:/program files (x86)/atmel/studio/7.0/toolchain/arm/arm-gnu-toolchain/bin/../lib/gcc/arm-none-eabi/4.9.3/../../../../arm-none-eabi/lib/armv6-m\libc_nano.a(lib_a-stdio.o)
__sf_fake_stderr                                  c:/program files (x86)/atmel/studio/7.0/toolchain/arm/arm-gnu-toolchain/bin/../lib/gcc/arm-none-eabi/4.9.3/../../../../arm-none-eabi/lib/armv6-m\libc_nano.a(lib_a-findfp.o)
                                                  c:/program files (x86)/atmel/studio/7.0/toolchain/arm/arm-gnu-toolchain/bin/../lib/gcc/arm-none-eabi/4.9.3/../../../../arm-none-eabi/lib/armv6-m\libc_nano.a(lib_a-nano-vfprintf.o)
                                                  c:/program files (x86)/atmel/studio/7.0/toolchain/arm/arm-gnu-toolchain/bin/../lib/gcc/arm-none-eabi/4.9.3/../../../../arm-none-eabi/lib/armv6-m\libc_nano.a(lib_a-fflush.o)
                                                  c:/program files (x86)/atmel/studio/7.0/toolchain/arm/arm-gnu-toolchain/bin/../lib/gcc/arm-none-eabi/4.9.3/../../../../arm-none-eabi/lib/armv6-m\libc_nano.a(lib_a-wsetup.o)
                                                  c:/program files (x86)/atmel/studio/7.0/toolchain/arm/arm-gnu-toolchain/bin/../lib/gcc/arm-none-eabi/4.9.3/../../../../arm-none-eabi/lib/armv6-m\libc_nano.a(lib_a-wbuf.o)
                                                  c:/program files (x86)/atmel/studio/7.0/toolchain/arm/arm-gnu-toolchain/bin/../lib/gcc/arm-none-eabi/4.9.3/../../../../arm-none-eabi/lib/armv6-m\libc_nano.a(lib_a-setvbuf.o)
                                                  c:/program files (x86)/atmel/studio/7.0/toolchain/arm/arm-gnu-toolchain/bin/../lib/gcc/arm-none-eabi/4.9.3/../../../../arm-none-eabi/lib/armv6-m\libc_nano.a(lib_a-impure.o)